2026-08-14 18:44:41,397 - Namespace(device='cuda:0', dataset='PEMS03', years='2018', model_name='agcrn', seed=998244353, batch_size=64, seq_length=12, horizon=12, input_dim=3, output_dim=1, mode='train', without_backbone=False, mlp=False, enhance=False, frozen=False, bias=False, pre_train='', save='pre_trained_agcrn_pems03_model.pt', embed_dim=16, num_mlrfs=2, num_cells=4, max_epochs=150, save_interval=10, patience=10, lrate=0.001, wdecay=0.0005, step_size=30, gamma=0.1, dropout=0.3, clip_grad_value=5, adj_type='doubletransition', wandb=True)
2026-08-14 18:45:00,759 - Data shape: (26208, 358, 3)
2026-08-14 18:45:02,335 - Sample num: 15711, Batch num: 245
2026-08-14 18:45:03,948 - Sample num: 5237, Batch num: 81
2026-08-14 18:45:05,498 - Sample num: 5237, Batch num: 81
2026-08-14 18:45:10,345 - The number of parameters: 9520
2026-08-14 18:45:11,168 - Start training!
2026-08-14 18:45:46,447 - Epoch: 001, Train Loss: 94.0003, Train RMSE: 112.9776, Train MAPE: 3.3670, Valid Loss: 43.6072, Valid RMSE: 59.9819, Valid MAPE: 1.5351, Train Time: 28.5111s/epoch, Valid Time: 6.7643s, LR: 1.0000e-03
2026-08-14 18:45:46,462 - Val loss decrease from inf to 43.6072
2026-08-14 18:46:20,451 - Epoch: 002, Train Loss: 29.0924, Train RMSE: 43.8938, Train MAPE: 0.6407, Valid Loss: 22.7000, Valid RMSE: 36.1769, Valid MAPE: 0.2137, Train Time: 27.7823s/epoch, Valid Time: 6.1980s, LR: 1.0000e-03
2026-08-14 18:46:20,459 - Val loss decrease from 43.6072 to 22.7000
2026-08-14 18:46:54,459 - Epoch: 003, Train Loss: 21.7067, Train RMSE: 34.5502, Train MAPE: 0.2072, Valid Loss: 20.6822, Valid RMSE: 32.7012, Valid MAPE: 0.2070, Train Time: 27.8163s/epoch, Valid Time: 6.1815s, LR: 1.0000e-03
2026-08-14 18:46:54,474 - Val loss decrease from 22.7000 to 20.6822
2026-08-14 18:47:28,435 - Epoch: 004, Train Loss: 19.9254, Train RMSE: 31.4853, Train MAPE: 0.1913, Valid Loss: 19.4747, Valid RMSE: 30.5989, Valid MAPE: 0.1890, Train Time: 27.8219s/epoch, Valid Time: 6.1368s, LR: 1.0000e-03
2026-08-14 18:47:28,442 - Val loss decrease from 20.6822 to 19.4747
2026-08-14 18:48:02,468 - Epoch: 005, Train Loss: 19.0303, Train RMSE: 29.9945, Train MAPE: 0.1819, Valid Loss: 18.8051, Valid RMSE: 29.6223, Valid MAPE: 0.1759, Train Time: 27.9267s/epoch, Valid Time: 6.0965s, LR: 1.0000e-03
2026-08-14 18:48:02,476 - Val loss decrease from 19.4747 to 18.8051
2026-08-14 18:48:36,471 - Epoch: 006, Train Loss: 18.5225, Train RMSE: 29.1815, Train MAPE: 0.1764, Valid Loss: 18.4456, Valid RMSE: 28.9434, Valid MAPE: 0.1807, Train Time: 27.6649s/epoch, Valid Time: 6.3277s, LR: 1.0000e-03
2026-08-14 18:48:36,479 - Val loss decrease from 18.8051 to 18.4456
2026-08-14 18:49:10,528 - Epoch: 007, Train Loss: 18.1552, Train RMSE: 28.5794, Train MAPE: 0.1743, Valid Loss: 18.0843, Valid RMSE: 28.3957, Valid MAPE: 0.1715, Train Time: 27.9145s/epoch, Valid Time: 6.1331s, LR: 1.0000e-03
2026-08-14 18:49:10,536 - Val loss decrease from 18.4456 to 18.0843
2026-08-14 18:49:44,511 - Epoch: 008, Train Loss: 17.8640, Train RMSE: 28.1453, Train MAPE: 0.1710, Valid Loss: 18.0965, Valid RMSE: 28.2066, Valid MAPE: 0.1805, Train Time: 27.7335s/epoch, Valid Time: 6.2395s, LR: 1.0000e-03
2026-08-14 18:50:18,533 - Epoch: 009, Train Loss: 17.6641, Train RMSE: 27.8301, Train MAPE: 0.1691, Valid Loss: 17.7181, Valid RMSE: 27.7296, Valid MAPE: 0.1795, Train Time: 27.8621s/epoch, Valid Time: 6.1583s, LR: 1.0000e-03
2026-08-14 18:50:18,541 - Val loss decrease from 18.0843 to 17.7181
2026-08-14 18:50:52,559 - Epoch: 010, Train Loss: 17.4723, Train RMSE: 27.5139, Train MAPE: 0.1675, Valid Loss: 17.5762, Valid RMSE: 27.5430, Valid MAPE: 0.1690, Train Time: 27.8103s/epoch, Valid Time: 6.2062s, LR: 1.0000e-03
2026-08-14 18:50:52,566 - Val loss decrease from 17.7181 to 17.5762
2026-08-14 18:51:26,647 - Epoch: 011, Train Loss: 17.3170, Train RMSE: 27.2711, Train MAPE: 0.1661, Valid Loss: 17.3773, Valid RMSE: 27.2382, Valid MAPE: 0.1641, Train Time: 27.8336s/epoch, Valid Time: 6.2445s, LR: 1.0000e-03
2026-08-14 18:51:26,656 - Val loss decrease from 17.5762 to 17.3773
2026-08-14 18:52:00,757 - Epoch: 012, Train Loss: 17.1974, Train RMSE: 27.0746, Train MAPE: 0.1643, Valid Loss: 17.3211, Valid RMSE: 27.1195, Valid MAPE: 0.1638, Train Time: 27.9619s/epoch, Valid Time: 6.1195s, LR: 1.0000e-03
2026-08-14 18:52:00,765 - Val loss decrease from 17.3773 to 17.3211
2026-08-14 18:52:34,928 - Epoch: 013, Train Loss: 17.1036, Train RMSE: 26.9056, Train MAPE: 0.1642, Valid Loss: 17.2414, Valid RMSE: 26.9905, Valid MAPE: 0.1667, Train Time: 27.8520s/epoch, Valid Time: 6.3091s, LR: 1.0000e-03
2026-08-14 18:52:34,936 - Val loss decrease from 17.3211 to 17.2414
2026-08-14 18:53:08,954 - Epoch: 014, Train Loss: 17.0167, Train RMSE: 26.7645, Train MAPE: 0.1631, Valid Loss: 17.1850, Valid RMSE: 26.8659, Valid MAPE: 0.1647, Train Time: 27.9136s/epoch, Valid Time: 6.1030s, LR: 1.0000e-03
2026-08-14 18:53:08,962 - Val loss decrease from 17.2414 to 17.1850
2026-08-14 18:53:43,095 - Epoch: 015, Train Loss: 16.9397, Train RMSE: 26.6236, Train MAPE: 0.1625, Valid Loss: 17.1664, Valid RMSE: 26.7691, Valid MAPE: 0.1630, Train Time: 27.8970s/epoch, Valid Time: 6.2340s, LR: 1.0000e-03
2026-08-14 18:53:43,103 - Val loss decrease from 17.1850 to 17.1664
2026-08-14 18:54:17,354 - Epoch: 016, Train Loss: 16.9110, Train RMSE: 26.5665, Train MAPE: 0.1628, Valid Loss: 17.0510, Valid RMSE: 26.5984, Valid MAPE: 0.1687, Train Time: 28.0619s/epoch, Valid Time: 6.1869s, LR: 1.0000e-03
2026-08-14 18:54:17,361 - Val loss decrease from 17.1664 to 17.0510
2026-08-14 18:54:51,432 - Epoch: 017, Train Loss: 16.8301, Train RMSE: 26.4408, Train MAPE: 0.1623, Valid Loss: 16.9892, Valid RMSE: 26.5418, Valid MAPE: 0.1639, Train Time: 27.8545s/epoch, Valid Time: 6.2144s, LR: 1.0000e-03
2026-08-14 18:54:51,440 - Val loss decrease from 17.0510 to 16.9892
2026-08-14 18:55:25,408 - Epoch: 018, Train Loss: 16.7912, Train RMSE: 26.3607, Train MAPE: 0.1618, Valid Loss: 16.9975, Valid RMSE: 26.5048, Valid MAPE: 0.1614, Train Time: 27.7855s/epoch, Valid Time: 6.1809s, LR: 1.0000e-03
2026-08-14 18:55:59,348 - Epoch: 019, Train Loss: 16.7436, Train RMSE: 26.2888, Train MAPE: 0.1615, Valid Loss: 16.9393, Valid RMSE: 26.3871, Valid MAPE: 0.1730, Train Time: 27.8085s/epoch, Valid Time: 6.1288s, LR: 1.0000e-03
2026-08-14 18:55:59,362 - Val loss decrease from 16.9892 to 16.9393
2026-08-14 18:56:33,338 - Epoch: 020, Train Loss: 16.7072, Train RMSE: 26.2233, Train MAPE: 0.1607, Valid Loss: 16.8821, Valid RMSE: 26.3603, Valid MAPE: 0.1629, Train Time: 27.7846s/epoch, Valid Time: 6.1891s, LR: 1.0000e-03
2026-08-14 18:56:33,368 - Val loss decrease from 16.9393 to 16.8821
2026-08-14 18:57:07,326 - Epoch: 021, Train Loss: 16.6662, Train RMSE: 26.1585, Train MAPE: 0.1603, Valid Loss: 16.8397, Valid RMSE: 26.2636, Valid MAPE: 0.1595, Train Time: 27.8330s/epoch, Valid Time: 6.1238s, LR: 1.0000e-03
2026-08-14 18:57:07,334 - Val loss decrease from 16.8821 to 16.8397
2026-08-14 18:57:41,191 - Epoch: 022, Train Loss: 16.6389, Train RMSE: 26.1124, Train MAPE: 0.1603, Valid Loss: 16.7991, Valid RMSE: 26.2016, Valid MAPE: 0.1602, Train Time: 27.6535s/epoch, Valid Time: 6.1729s, LR: 1.0000e-03
2026-08-14 18:57:41,198 - Val loss decrease from 16.8397 to 16.7991
2026-08-14 18:58:15,426 - Epoch: 023, Train Loss: 16.6052, Train RMSE: 26.0493, Train MAPE: 0.1603, Valid Loss: 16.7982, Valid RMSE: 26.1962, Valid MAPE: 0.1591, Train Time: 27.9144s/epoch, Valid Time: 6.3108s, LR: 1.0000e-03
2026-08-14 18:58:15,433 - Val loss decrease from 16.7991 to 16.7982
2026-08-14 18:58:49,354 - Epoch: 024, Train Loss: 16.5953, Train RMSE: 26.0200, Train MAPE: 0.1608, Valid Loss: 16.7980, Valid RMSE: 26.2046, Valid MAPE: 0.1603, Train Time: 27.8137s/epoch, Valid Time: 6.1055s, LR: 1.0000e-03
2026-08-14 18:58:49,362 - Val loss decrease from 16.7982 to 16.7980
2026-08-14 18:59:23,475 - Epoch: 025, Train Loss: 16.5555, Train RMSE: 25.9632, Train MAPE: 0.1597, Valid Loss: 16.7680, Valid RMSE: 26.1192, Valid MAPE: 0.1612, Train Time: 27.8824s/epoch, Valid Time: 6.2293s, LR: 1.0000e-03
2026-08-14 18:59:23,484 - Val loss decrease from 16.7980 to 16.7680
2026-08-14 18:59:57,488 - Epoch: 026, Train Loss: 16.5211, Train RMSE: 25.9144, Train MAPE: 0.1596, Valid Loss: 16.7270, Valid RMSE: 26.0715, Valid MAPE: 0.1608, Train Time: 27.8600s/epoch, Valid Time: 6.1414s, LR: 1.0000e-03
2026-08-14 18:59:57,496 - Val loss decrease from 16.7680 to 16.7270
2026-08-14 19:00:31,488 - Epoch: 027, Train Loss: 16.5011, Train RMSE: 25.8864, Train MAPE: 0.1589, Valid Loss: 16.7501, Valid RMSE: 26.1106, Valid MAPE: 0.1597, Train Time: 27.8823s/epoch, Valid Time: 6.1074s, LR: 1.0000e-03
2026-08-14 19:01:05,591 - Epoch: 028, Train Loss: 16.4614, Train RMSE: 25.8156, Train MAPE: 0.1588, Valid Loss: 16.6714, Valid RMSE: 25.9937, Valid MAPE: 0.1579, Train Time: 27.7939s/epoch, Valid Time: 6.3072s, LR: 1.0000e-03
2026-08-14 19:01:05,600 - Val loss decrease from 16.7270 to 16.6714
2026-08-14 19:01:39,582 - Epoch: 029, Train Loss: 16.4529, Train RMSE: 25.8012, Train MAPE: 0.1583, Valid Loss: 16.6589, Valid RMSE: 25.9613, Valid MAPE: 0.1569, Train Time: 27.8427s/epoch, Valid Time: 6.1373s, LR: 1.0000e-03
2026-08-14 19:01:39,591 - Val loss decrease from 16.6714 to 16.6589
2026-08-14 19:02:13,726 - Epoch: 030, Train Loss: 16.4390, Train RMSE: 25.7845, Train MAPE: 0.1580, Valid Loss: 16.6282, Valid RMSE: 25.9137, Valid MAPE: 0.1606, Train Time: 27.9282s/epoch, Valid Time: 6.2017s, LR: 1.0000e-03
2026-08-14 19:02:13,735 - Val loss decrease from 16.6589 to 16.6282
2026-08-14 19:02:47,805 - Epoch: 031, Train Loss: 16.4326, Train RMSE: 25.7589, Train MAPE: 0.1591, Valid Loss: 16.7667, Valid RMSE: 26.1285, Valid MAPE: 0.1560, Train Time: 27.7936s/epoch, Valid Time: 6.2752s, LR: 1.0000e-03
2026-08-14 19:03:21,906 - Epoch: 032, Train Loss: 16.4186, Train RMSE: 25.7381, Train MAPE: 0.1589, Valid Loss: 16.6252, Valid RMSE: 25.9017, Valid MAPE: 0.1579, Train Time: 27.8956s/epoch, Valid Time: 6.1836s, LR: 1.0000e-03
2026-08-14 19:03:21,914 - Val loss decrease from 16.6282 to 16.6252
2026-08-14 19:03:55,922 - Epoch: 033, Train Loss: 16.4093, Train RMSE: 25.7194, Train MAPE: 0.1589, Valid Loss: 16.6838, Valid RMSE: 25.9570, Valid MAPE: 0.1593, Train Time: 27.8032s/epoch, Valid Time: 6.2030s, LR: 1.0000e-03
2026-08-14 19:04:30,032 - Epoch: 034, Train Loss: 16.3751, Train RMSE: 25.6765, Train MAPE: 0.1575, Valid Loss: 16.6838, Valid RMSE: 25.9529, Valid MAPE: 0.1574, Train Time: 27.9349s/epoch, Valid Time: 6.1728s, LR: 1.0000e-03
2026-08-14 19:05:04,088 - Epoch: 035, Train Loss: 16.3678, Train RMSE: 25.6696, Train MAPE: 0.1571, Valid Loss: 16.7480, Valid RMSE: 26.0821, Valid MAPE: 0.1571, Train Time: 27.9000s/epoch, Valid Time: 6.1536s, LR: 1.0000e-03
2026-08-14 19:05:38,320 - Epoch: 036, Train Loss: 16.3447, Train RMSE: 25.6276, Train MAPE: 0.1579, Valid Loss: 16.6029, Valid RMSE: 25.8998, Valid MAPE: 0.1595, Train Time: 27.9536s/epoch, Valid Time: 6.2758s, LR: 1.0000e-03
2026-08-14 19:05:38,328 - Val loss decrease from 16.6252 to 16.6029
2026-08-14 19:06:12,300 - Epoch: 037, Train Loss: 16.3287, Train RMSE: 25.6020, Train MAPE: 0.1574, Valid Loss: 16.5430, Valid RMSE: 25.7868, Valid MAPE: 0.1567, Train Time: 27.8787s/epoch, Valid Time: 6.0909s, LR: 1.0000e-03
2026-08-14 19:06:12,327 - Val loss decrease from 16.6029 to 16.5430
2026-08-14 19:06:46,339 - Epoch: 038, Train Loss: 16.3252, Train RMSE: 25.6054, Train MAPE: 0.1572, Valid Loss: 16.5823, Valid RMSE: 25.8378, Valid MAPE: 0.1565, Train Time: 27.7819s/epoch, Valid Time: 6.2281s, LR: 1.0000e-03
2026-08-14 19:07:20,105 - Epoch: 039, Train Loss: 16.2948, Train RMSE: 25.5587, Train MAPE: 0.1564, Valid Loss: 16.8312, Valid RMSE: 26.1459, Valid MAPE: 0.1564, Train Time: 27.6964s/epoch, Valid Time: 6.0678s, LR: 1.0000e-03
2026-08-14 19:07:54,047 - Epoch: 040, Train Loss: 16.2863, Train RMSE: 25.5345, Train MAPE: 0.1565, Valid Loss: 16.6609, Valid RMSE: 25.9552, Valid MAPE: 0.1592, Train Time: 27.7783s/epoch, Valid Time: 6.1610s, LR: 1.0000e-03
2026-08-14 19:08:28,039 - Epoch: 041, Train Loss: 16.2489, Train RMSE: 25.4976, Train MAPE: 0.1561, Valid Loss: 16.5834, Valid RMSE: 25.8509, Valid MAPE: 0.1563, Train Time: 27.6841s/epoch, Valid Time: 6.3059s, LR: 1.0000e-03
2026-08-14 19:09:01,922 - Epoch: 042, Train Loss: 16.2693, Train RMSE: 25.5119, Train MAPE: 0.1565, Valid Loss: 16.4826, Valid RMSE: 25.6868, Valid MAPE: 0.1558, Train Time: 27.7078s/epoch, Valid Time: 6.1563s, LR: 1.0000e-03
2026-08-14 19:09:01,930 - Val loss decrease from 16.5430 to 16.4826
2026-08-14 19:09:35,704 - Epoch: 043, Train Loss: 16.2492, Train RMSE: 25.4791, Train MAPE: 0.1561, Valid Loss: 16.6094, Valid RMSE: 25.8277, Valid MAPE: 0.1645, Train Time: 27.6114s/epoch, Valid Time: 6.1604s, LR: 1.0000e-03
2026-08-14 19:10:09,845 - Epoch: 044, Train Loss: 16.2093, Train RMSE: 25.4293, Train MAPE: 0.1558, Valid Loss: 16.7046, Valid RMSE: 26.0267, Valid MAPE: 0.1573, Train Time: 27.8712s/epoch, Valid Time: 6.2681s, LR: 1.0000e-03
2026-08-14 19:10:43,812 - Epoch: 045, Train Loss: 16.2009, Train RMSE: 25.4058, Train MAPE: 0.1558, Valid Loss: 16.5755, Valid RMSE: 25.7760, Valid MAPE: 0.1601, Train Time: 27.8138s/epoch, Valid Time: 6.1505s, LR: 1.0000e-03
2026-08-14 19:11:17,764 - Epoch: 046, Train Loss: 16.2076, Train RMSE: 25.4267, Train MAPE: 0.1556, Valid Loss: 16.5004, Valid RMSE: 25.6479, Valid MAPE: 0.1580, Train Time: 27.7580s/epoch, Valid Time: 6.1916s, LR: 1.0000e-03
2026-08-14 19:11:51,504 - Epoch: 047, Train Loss: 16.1920, Train RMSE: 25.4044, Train MAPE: 0.1546, Valid Loss: 16.4736, Valid RMSE: 25.6915, Valid MAPE: 0.1571, Train Time: 27.6073s/epoch, Valid Time: 6.1303s, LR: 1.0000e-03
2026-08-14 19:11:51,511 - Val loss decrease from 16.4826 to 16.4736
2026-08-14 19:12:25,368 - Epoch: 048, Train Loss: 16.1769, Train RMSE: 25.3769, Train MAPE: 0.1548, Valid Loss: 16.6653, Valid RMSE: 25.9196, Valid MAPE: 0.1560, Train Time: 27.6476s/epoch, Valid Time: 6.2067s, LR: 1.0000e-03
2026-08-14 19:12:59,673 - Epoch: 049, Train Loss: 16.1712, Train RMSE: 25.3583, Train MAPE: 0.1557, Valid Loss: 16.4742, Valid RMSE: 25.6326, Valid MAPE: 0.1652, Train Time: 27.8116s/epoch, Valid Time: 6.4919s, LR: 1.0000e-03
2026-08-14 19:13:33,698 - Epoch: 050, Train Loss: 16.1564, Train RMSE: 25.3351, Train MAPE: 0.1553, Valid Loss: 16.4666, Valid RMSE: 25.6497, Valid MAPE: 0.1606, Train Time: 27.8526s/epoch, Valid Time: 6.1704s, LR: 1.0000e-03
2026-08-14 19:13:33,707 - Val loss decrease from 16.4736 to 16.4666
2026-08-14 19:14:07,883 - Epoch: 051, Train Loss: 16.1410, Train RMSE: 25.3254, Train MAPE: 0.1541, Valid Loss: 16.4555, Valid RMSE: 25.6338, Valid MAPE: 0.1613, Train Time: 27.9149s/epoch, Valid Time: 6.2601s, LR: 1.0000e-03
2026-08-14 19:14:07,891 - Val loss decrease from 16.4666 to 16.4555
2026-08-14 19:14:41,999 - Epoch: 052, Train Loss: 16.1445, Train RMSE: 25.3070, Train MAPE: 0.1551, Valid Loss: 16.3930, Valid RMSE: 25.5589, Valid MAPE: 0.1548, Train Time: 27.9155s/epoch, Valid Time: 6.1749s, LR: 1.0000e-03
2026-08-14 19:14:42,007 - Val loss decrease from 16.4555 to 16.3930
2026-08-14 19:15:16,167 - Epoch: 053, Train Loss: 16.1254, Train RMSE: 25.2984, Train MAPE: 0.1542, Valid Loss: 16.4779, Valid RMSE: 25.6191, Valid MAPE: 0.1577, Train Time: 27.9650s/epoch, Valid Time: 6.1930s, LR: 1.0000e-03
2026-08-14 19:15:50,328 - Epoch: 054, Train Loss: 16.1156, Train RMSE: 25.2745, Train MAPE: 0.1547, Valid Loss: 16.4271, Valid RMSE: 25.5873, Valid MAPE: 0.1592, Train Time: 28.0020s/epoch, Valid Time: 6.1569s, LR: 1.0000e-03
2026-08-14 19:16:24,315 - Epoch: 055, Train Loss: 16.0976, Train RMSE: 25.2543, Train MAPE: 0.1546, Valid Loss: 16.4249, Valid RMSE: 25.6125, Valid MAPE: 0.1549, Train Time: 27.8273s/epoch, Valid Time: 6.1578s, LR: 1.0000e-03
2026-08-14 19:16:58,417 - Epoch: 056, Train Loss: 16.1095, Train RMSE: 25.2719, Train MAPE: 0.1542, Valid Loss: 16.3858, Valid RMSE: 25.5550, Valid MAPE: 0.1542, Train Time: 27.9239s/epoch, Valid Time: 6.1753s, LR: 1.0000e-03
2026-08-14 19:16:58,425 - Val loss decrease from 16.3930 to 16.3858
2026-08-14 19:17:32,466 - Epoch: 057, Train Loss: 16.0784, Train RMSE: 25.2233, Train MAPE: 0.1537, Valid Loss: 16.3642, Valid RMSE: 25.5354, Valid MAPE: 0.1536, Train Time: 27.7121s/epoch, Valid Time: 6.3268s, LR: 1.0000e-03
2026-08-14 19:17:32,474 - Val loss decrease from 16.3858 to 16.3642
2026-08-14 19:18:06,429 - Epoch: 058, Train Loss: 16.0591, Train RMSE: 25.1984, Train MAPE: 0.1534, Valid Loss: 16.4772, Valid RMSE: 25.6228, Valid MAPE: 0.1594, Train Time: 27.8779s/epoch, Valid Time: 6.0759s, LR: 1.0000e-03
2026-08-14 19:18:40,530 - Epoch: 059, Train Loss: 16.0546, Train RMSE: 25.1804, Train MAPE: 0.1545, Valid Loss: 16.3756, Valid RMSE: 25.5053, Valid MAPE: 0.1590, Train Time: 27.8877s/epoch, Valid Time: 6.2102s, LR: 1.0000e-03
2026-08-14 19:19:14,538 - Epoch: 060, Train Loss: 16.0492, Train RMSE: 25.1808, Train MAPE: 0.1536, Valid Loss: 16.3428, Valid RMSE: 25.5129, Valid MAPE: 0.1565, Train Time: 27.8007s/epoch, Valid Time: 6.2054s, LR: 1.0000e-03
2026-08-14 19:19:14,545 - Val loss decrease from 16.3642 to 16.3428
2026-08-14 19:19:48,606 - Epoch: 061, Train Loss: 16.0533, Train RMSE: 25.1938, Train MAPE: 0.1528, Valid Loss: 16.3294, Valid RMSE: 25.4714, Valid MAPE: 0.1540, Train Time: 27.8398s/epoch, Valid Time: 6.2197s, LR: 1.0000e-03
2026-08-14 19:19:48,614 - Val loss decrease from 16.3428 to 16.3294
2026-08-14 19:20:22,679 - Epoch: 062, Train Loss: 16.0133, Train RMSE: 25.1283, Train MAPE: 0.1532, Valid Loss: 16.3902, Valid RMSE: 25.5575, Valid MAPE: 0.1511, Train Time: 27.8172s/epoch, Valid Time: 6.2322s, LR: 1.0000e-03
2026-08-14 19:20:56,717 - Epoch: 063, Train Loss: 16.0237, Train RMSE: 25.1382, Train MAPE: 0.1538, Valid Loss: 16.3207, Valid RMSE: 25.4595, Valid MAPE: 0.1524, Train Time: 27.8514s/epoch, Valid Time: 6.1841s, LR: 1.0000e-03
2026-08-14 19:20:56,725 - Val loss decrease from 16.3294 to 16.3207
2026-08-14 19:21:30,910 - Epoch: 064, Train Loss: 16.0080, Train RMSE: 25.1210, Train MAPE: 0.1526, Valid Loss: 16.3046, Valid RMSE: 25.4248, Valid MAPE: 0.1585, Train Time: 27.9679s/epoch, Valid Time: 6.2160s, LR: 1.0000e-03
2026-08-14 19:21:30,918 - Val loss decrease from 16.3207 to 16.3046
2026-08-14 19:22:05,063 - Epoch: 065, Train Loss: 16.0043, Train RMSE: 25.1162, Train MAPE: 0.1532, Valid Loss: 16.3850, Valid RMSE: 25.5702, Valid MAPE: 0.1561, Train Time: 27.8034s/epoch, Valid Time: 6.3401s, LR: 1.0000e-03
2026-08-14 19:22:39,162 - Epoch: 066, Train Loss: 16.0012, Train RMSE: 25.1160, Train MAPE: 0.1527, Valid Loss: 16.3670, Valid RMSE: 25.4880, Valid MAPE: 0.1583, Train Time: 27.8909s/epoch, Valid Time: 6.2054s, LR: 1.0000e-03
2026-08-14 19:23:13,012 - Epoch: 067, Train Loss: 15.9747, Train RMSE: 25.0662, Train MAPE: 0.1529, Valid Loss: 16.3585, Valid RMSE: 25.4118, Valid MAPE: 0.1658, Train Time: 27.6278s/epoch, Valid Time: 6.2203s, LR: 1.0000e-03
2026-08-14 19:23:46,987 - Epoch: 068, Train Loss: 15.9925, Train RMSE: 25.0987, Train MAPE: 0.1521, Valid Loss: 16.2943, Valid RMSE: 25.4134, Valid MAPE: 0.1597, Train Time: 27.7249s/epoch, Valid Time: 6.2480s, LR: 1.0000e-03
2026-08-14 19:23:47,002 - Val loss decrease from 16.3046 to 16.2943
2026-08-14 19:24:20,939 - Epoch: 069, Train Loss: 15.9681, Train RMSE: 25.0586, Train MAPE: 0.1529, Valid Loss: 16.3300, Valid RMSE: 25.4726, Valid MAPE: 0.1538, Train Time: 27.7735s/epoch, Valid Time: 6.1612s, LR: 1.0000e-03
2026-08-14 19:24:55,041 - Epoch: 070, Train Loss: 15.9625, Train RMSE: 25.0583, Train MAPE: 0.1520, Valid Loss: 16.2265, Valid RMSE: 25.3586, Valid MAPE: 0.1526, Train Time: 27.7641s/epoch, Valid Time: 6.3351s, LR: 1.0000e-03
2026-08-14 19:24:55,049 - Val loss decrease from 16.2943 to 16.2265
2026-08-14 19:25:28,962 - Epoch: 071, Train Loss: 15.9612, Train RMSE: 25.0359, Train MAPE: 0.1536, Valid Loss: 16.3341, Valid RMSE: 25.4582, Valid MAPE: 0.1580, Train Time: 27.7961s/epoch, Valid Time: 6.1154s, LR: 1.0000e-03
2026-08-14 19:26:03,192 - Epoch: 072, Train Loss: 15.9635, Train RMSE: 25.0465, Train MAPE: 0.1527, Valid Loss: 16.3430, Valid RMSE: 25.4537, Valid MAPE: 0.1619, Train Time: 27.9752s/epoch, Valid Time: 6.2318s, LR: 1.0000e-03
2026-08-14 19:26:37,320 - Epoch: 073, Train Loss: 15.9435, Train RMSE: 25.0321, Train MAPE: 0.1516, Valid Loss: 16.3284, Valid RMSE: 25.4878, Valid MAPE: 0.1563, Train Time: 27.8728s/epoch, Valid Time: 6.2529s, LR: 1.0000e-03
2026-08-14 19:27:11,273 - Epoch: 074, Train Loss: 15.9649, Train RMSE: 25.0586, Train MAPE: 0.1520, Valid Loss: 16.3272, Valid RMSE: 25.4485, Valid MAPE: 0.1523, Train Time: 27.8930s/epoch, Valid Time: 6.0574s, LR: 1.0000e-03
2026-08-14 19:27:45,442 - Epoch: 075, Train Loss: 15.9087, Train RMSE: 24.9820, Train MAPE: 0.1517, Valid Loss: 16.2784, Valid RMSE: 25.3825, Valid MAPE: 0.1519, Train Time: 27.9594s/epoch, Valid Time: 6.2072s, LR: 1.0000e-03
2026-08-14 19:28:19,497 - Epoch: 076, Train Loss: 15.9174, Train RMSE: 24.9859, Train MAPE: 0.1521, Valid Loss: 16.3534, Valid RMSE: 25.5102, Valid MAPE: 0.1519, Train Time: 27.8193s/epoch, Valid Time: 6.2338s, LR: 1.0000e-03
2026-08-14 19:28:53,608 - Epoch: 077, Train Loss: 15.9124, Train RMSE: 24.9799, Train MAPE: 0.1516, Valid Loss: 16.3314, Valid RMSE: 25.5108, Valid MAPE: 0.1515, Train Time: 27.9214s/epoch, Valid Time: 6.1876s, LR: 1.0000e-03
2026-08-14 19:29:27,635 - Epoch: 078, Train Loss: 15.8978, Train RMSE: 24.9603, Train MAPE: 0.1512, Valid Loss: 16.2655, Valid RMSE: 25.4000, Valid MAPE: 0.1537, Train Time: 27.7970s/epoch, Valid Time: 6.2278s, LR: 1.0000e-03
2026-08-14 19:30:01,677 - Epoch: 079, Train Loss: 15.8877, Train RMSE: 24.9393, Train MAPE: 0.1521, Valid Loss: 16.2319, Valid RMSE: 25.3322, Valid MAPE: 0.1529, Train Time: 27.8005s/epoch, Valid Time: 6.2392s, LR: 1.0000e-03
2026-08-14 19:30:35,879 - Epoch: 080, Train Loss: 15.8921, Train RMSE: 24.9561, Train MAPE: 0.1510, Valid Loss: 16.2242, Valid RMSE: 25.3233, Valid MAPE: 0.1543, Train Time: 28.0262s/epoch, Valid Time: 6.1732s, LR: 1.0000e-03
2026-08-14 19:30:35,886 - Val loss decrease from 16.2265 to 16.2242
2026-08-14 19:31:10,078 - Epoch: 081, Train Loss: 15.8766, Train RMSE: 24.9316, Train MAPE: 0.1511, Valid Loss: 16.2273, Valid RMSE: 25.3493, Valid MAPE: 0.1550, Train Time: 27.8601s/epoch, Valid Time: 6.3291s, LR: 1.0000e-03
2026-08-14 19:31:44,213 - Epoch: 082, Train Loss: 15.8942, Train RMSE: 24.9507, Train MAPE: 0.1512, Valid Loss: 16.2200, Valid RMSE: 25.3303, Valid MAPE: 0.1525, Train Time: 27.9294s/epoch, Valid Time: 6.1866s, LR: 1.0000e-03
2026-08-14 19:31:44,220 - Val loss decrease from 16.2242 to 16.2200
2026-08-14 19:32:18,309 - Epoch: 083, Train Loss: 15.8708, Train RMSE: 24.9197, Train MAPE: 0.1513, Valid Loss: 16.2068, Valid RMSE: 25.3135, Valid MAPE: 0.1521, Train Time: 27.8288s/epoch, Valid Time: 6.2584s, LR: 1.0000e-03
2026-08-14 19:32:18,317 - Val loss decrease from 16.2200 to 16.2068
2026-08-14 19:32:52,487 - Epoch: 084, Train Loss: 15.8754, Train RMSE: 24.9265, Train MAPE: 0.1515, Valid Loss: 16.1854, Valid RMSE: 25.2822, Valid MAPE: 0.1513, Train Time: 27.8787s/epoch, Valid Time: 6.2892s, LR: 1.0000e-03
2026-08-14 19:32:52,495 - Val loss decrease from 16.2068 to 16.1854
2026-08-14 19:33:26,381 - Epoch: 085, Train Loss: 15.8903, Train RMSE: 24.9398, Train MAPE: 0.1516, Valid Loss: 16.2804, Valid RMSE: 25.3695, Valid MAPE: 0.1517, Train Time: 27.7622s/epoch, Valid Time: 6.1217s, LR: 1.0000e-03
2026-08-14 19:34:00,474 - Epoch: 086, Train Loss: 15.8917, Train RMSE: 24.9393, Train MAPE: 0.1519, Valid Loss: 16.2804, Valid RMSE: 25.3894, Valid MAPE: 0.1539, Train Time: 27.8438s/epoch, Valid Time: 6.2470s, LR: 1.0000e-03
2026-08-14 19:34:34,392 - Epoch: 087, Train Loss: 15.8572, Train RMSE: 24.8939, Train MAPE: 0.1513, Valid Loss: 16.2295, Valid RMSE: 25.3194, Valid MAPE: 0.1504, Train Time: 27.7690s/epoch, Valid Time: 6.1471s, LR: 1.0000e-03
2026-08-14 19:35:08,598 - Epoch: 088, Train Loss: 15.8480, Train RMSE: 24.8939, Train MAPE: 0.1504, Valid Loss: 16.1743, Valid RMSE: 25.2528, Valid MAPE: 0.1532, Train Time: 27.9271s/epoch, Valid Time: 6.2764s, LR: 1.0000e-03
2026-08-14 19:35:08,607 - Val loss decrease from 16.1854 to 16.1743
2026-08-14 19:35:42,836 - Epoch: 089, Train Loss: 15.8500, Train RMSE: 24.8873, Train MAPE: 0.1512, Valid Loss: 16.2086, Valid RMSE: 25.2930, Valid MAPE: 0.1593, Train Time: 27.9556s/epoch, Valid Time: 6.2712s, LR: 1.0000e-03
2026-08-14 19:36:16,819 - Epoch: 090, Train Loss: 15.8488, Train RMSE: 24.8787, Train MAPE: 0.1514, Valid Loss: 16.2180, Valid RMSE: 25.3062, Valid MAPE: 0.1527, Train Time: 27.8448s/epoch, Valid Time: 6.1360s, LR: 1.0000e-03
2026-08-14 19:36:50,966 - Epoch: 091, Train Loss: 15.8365, Train RMSE: 24.8648, Train MAPE: 0.1513, Valid Loss: 16.2308, Valid RMSE: 25.3538, Valid MAPE: 0.1514, Train Time: 27.9187s/epoch, Valid Time: 6.2259s, LR: 1.0000e-03
2026-08-14 19:37:25,176 - Epoch: 092, Train Loss: 15.8327, Train RMSE: 24.8690, Train MAPE: 0.1508, Valid Loss: 16.2222, Valid RMSE: 25.2980, Valid MAPE: 0.1561, Train Time: 27.8969s/epoch, Valid Time: 6.2942s, LR: 1.0000e-03
2026-08-14 19:37:58,929 - Epoch: 093, Train Loss: 15.8338, Train RMSE: 24.8592, Train MAPE: 0.1509, Valid Loss: 16.1490, Valid RMSE: 25.1837, Valid MAPE: 0.1539, Train Time: 27.6683s/epoch, Valid Time: 6.0823s, LR: 1.0000e-03
2026-08-14 19:37:58,937 - Val loss decrease from 16.1743 to 16.1490
2026-08-14 19:38:32,893 - Epoch: 094, Train Loss: 15.8355, Train RMSE: 24.8651, Train MAPE: 0.1508, Valid Loss: 16.1549, Valid RMSE: 25.2389, Valid MAPE: 0.1509, Train Time: 27.6930s/epoch, Valid Time: 6.2606s, LR: 1.0000e-03
2026-08-14 19:39:06,884 - Epoch: 095, Train Loss: 15.8150, Train RMSE: 24.8369, Train MAPE: 0.1502, Valid Loss: 16.1481, Valid RMSE: 25.2259, Valid MAPE: 0.1531, Train Time: 27.8748s/epoch, Valid Time: 6.1138s, LR: 1.0000e-03
2026-08-14 19:39:06,891 - Val loss decrease from 16.1490 to 16.1481
2026-08-14 19:39:40,863 - Epoch: 096, Train Loss: 15.8077, Train RMSE: 24.8249, Train MAPE: 0.1502, Valid Loss: 16.1432, Valid RMSE: 25.1837, Valid MAPE: 0.1501, Train Time: 27.8320s/epoch, Valid Time: 6.1377s, LR: 1.0000e-03
2026-08-14 19:39:40,870 - Val loss decrease from 16.1481 to 16.1432
2026-08-14 19:40:14,972 - Epoch: 097, Train Loss: 15.8005, Train RMSE: 24.8200, Train MAPE: 0.1498, Valid Loss: 16.1421, Valid RMSE: 25.2224, Valid MAPE: 0.1500, Train Time: 27.8305s/epoch, Valid Time: 6.2688s, LR: 1.0000e-03
2026-08-14 19:40:14,980 - Val loss decrease from 16.1432 to 16.1421
2026-08-14 19:40:49,039 - Epoch: 098, Train Loss: 15.7889, Train RMSE: 24.8035, Train MAPE: 0.1501, Valid Loss: 16.2034, Valid RMSE: 25.2906, Valid MAPE: 0.1511, Train Time: 27.8728s/epoch, Valid Time: 6.1834s, LR: 1.0000e-03
2026-08-14 19:41:23,261 - Epoch: 099, Train Loss: 15.7857, Train RMSE: 24.8032, Train MAPE: 0.1502, Valid Loss: 16.1746, Valid RMSE: 25.2632, Valid MAPE: 0.1563, Train Time: 27.9614s/epoch, Valid Time: 6.2591s, LR: 1.0000e-03
2026-08-14 19:41:57,396 - Epoch: 100, Train Loss: 15.8066, Train RMSE: 24.8299, Train MAPE: 0.1499, Valid Loss: 16.1052, Valid RMSE: 25.1545, Valid MAPE: 0.1522, Train Time: 27.9256s/epoch, Valid Time: 6.2071s, LR: 1.0000e-03
2026-08-14 19:41:57,405 - Val loss decrease from 16.1421 to 16.1052
2026-08-14 19:42:31,353 - Epoch: 101, Train Loss: 15.7894, Train RMSE: 24.7996, Train MAPE: 0.1500, Valid Loss: 16.1192, Valid RMSE: 25.1739, Valid MAPE: 0.1509, Train Time: 27.8026s/epoch, Valid Time: 6.1433s, LR: 1.0000e-03
2026-08-14 19:43:05,492 - Epoch: 102, Train Loss: 15.7700, Train RMSE: 24.7759, Train MAPE: 0.1496, Valid Loss: 16.1267, Valid RMSE: 25.1960, Valid MAPE: 0.1500, Train Time: 27.9097s/epoch, Valid Time: 6.2066s, LR: 1.0000e-03
2026-08-14 19:43:39,484 - Epoch: 103, Train Loss: 15.7741, Train RMSE: 24.7743, Train MAPE: 0.1507, Valid Loss: 16.1757, Valid RMSE: 25.2372, Valid MAPE: 0.1517, Train Time: 27.8417s/epoch, Valid Time: 6.1477s, LR: 1.0000e-03
2026-08-14 19:44:13,559 - Epoch: 104, Train Loss: 15.7682, Train RMSE: 24.7769, Train MAPE: 0.1493, Valid Loss: 16.1027, Valid RMSE: 25.1723, Valid MAPE: 0.1485, Train Time: 27.8674s/epoch, Valid Time: 6.2050s, LR: 1.0000e-03
2026-08-14 19:44:13,566 - Val loss decrease from 16.1052 to 16.1027
2026-08-14 19:44:47,712 - Epoch: 105, Train Loss: 15.7770, Train RMSE: 24.7905, Train MAPE: 0.1495, Valid Loss: 16.1157, Valid RMSE: 25.1875, Valid MAPE: 0.1508, Train Time: 27.8614s/epoch, Valid Time: 6.2821s, LR: 1.0000e-03
2026-08-14 19:45:21,693 - Epoch: 106, Train Loss: 15.7656, Train RMSE: 24.7668, Train MAPE: 0.1498, Valid Loss: 16.2215, Valid RMSE: 25.2642, Valid MAPE: 0.1662, Train Time: 27.8386s/epoch, Valid Time: 6.1401s, LR: 1.0000e-03
2026-08-14 19:45:55,875 - Epoch: 107, Train Loss: 15.7547, Train RMSE: 24.7525, Train MAPE: 0.1500, Valid Loss: 16.1829, Valid RMSE: 25.2476, Valid MAPE: 0.1509, Train Time: 27.9296s/epoch, Valid Time: 6.2508s, LR: 1.0000e-03
2026-08-14 19:46:29,956 - Epoch: 108, Train Loss: 15.7514, Train RMSE: 24.7431, Train MAPE: 0.1493, Valid Loss: 16.2045, Valid RMSE: 25.2836, Valid MAPE: 0.1505, Train Time: 27.8572s/epoch, Valid Time: 6.2206s, LR: 1.0000e-03
2026-08-14 19:47:03,954 - Epoch: 109, Train Loss: 15.7558, Train RMSE: 24.7611, Train MAPE: 0.1494, Valid Loss: 16.1418, Valid RMSE: 25.1945, Valid MAPE: 0.1478, Train Time: 27.8508s/epoch, Valid Time: 6.1458s, LR: 1.0000e-03
2026-08-14 19:47:37,910 - Epoch: 110, Train Loss: 15.7317, Train RMSE: 24.7244, Train MAPE: 0.1488, Valid Loss: 16.1405, Valid RMSE: 25.2147, Valid MAPE: 0.1522, Train Time: 27.7250s/epoch, Valid Time: 6.2282s, LR: 1.0000e-03
2026-08-14 19:48:11,753 - Epoch: 111, Train Loss: 15.7239, Train RMSE: 24.7133, Train MAPE: 0.1492, Valid Loss: 16.0509, Valid RMSE: 25.0950, Valid MAPE: 0.1514, Train Time: 27.6924s/epoch, Valid Time: 6.1493s, LR: 1.0000e-03
2026-08-14 19:48:11,782 - Val loss decrease from 16.1027 to 16.0509
2026-08-14 19:48:45,917 - Epoch: 112, Train Loss: 15.7130, Train RMSE: 24.6992, Train MAPE: 0.1488, Valid Loss: 16.1333, Valid RMSE: 25.1994, Valid MAPE: 0.1487, Train Time: 27.8608s/epoch, Valid Time: 6.2644s, LR: 1.0000e-03
2026-08-14 19:49:20,033 - Epoch: 113, Train Loss: 15.7210, Train RMSE: 24.7013, Train MAPE: 0.1492, Valid Loss: 16.1313, Valid RMSE: 25.1748, Valid MAPE: 0.1529, Train Time: 27.8192s/epoch, Valid Time: 6.2946s, LR: 1.0000e-03
2026-08-14 19:49:54,150 - Epoch: 114, Train Loss: 15.7044, Train RMSE: 24.6868, Train MAPE: 0.1487, Valid Loss: 16.0779, Valid RMSE: 25.1316, Valid MAPE: 0.1522, Train Time: 27.9774s/epoch, Valid Time: 6.1374s, LR: 1.0000e-03
2026-08-14 19:50:28,064 - Epoch: 115, Train Loss: 15.7258, Train RMSE: 24.7049, Train MAPE: 0.1491, Valid Loss: 16.0672, Valid RMSE: 25.1234, Valid MAPE: 0.1480, Train Time: 27.6869s/epoch, Valid Time: 6.2245s, LR: 1.0000e-03
2026-08-14 19:51:02,190 - Epoch: 116, Train Loss: 15.6938, Train RMSE: 24.6722, Train MAPE: 0.1484, Valid Loss: 16.0419, Valid RMSE: 25.0534, Valid MAPE: 0.1481, Train Time: 27.9319s/epoch, Valid Time: 6.1914s, LR: 1.0000e-03
2026-08-14 19:51:02,198 - Val loss decrease from 16.0509 to 16.0419
2026-08-14 19:51:36,116 - Epoch: 117, Train Loss: 15.6927, Train RMSE: 24.6708, Train MAPE: 0.1481, Valid Loss: 16.1029, Valid RMSE: 25.1368, Valid MAPE: 0.1498, Train Time: 27.7081s/epoch, Valid Time: 6.2079s, LR: 1.0000e-03
2026-08-14 19:52:10,050 - Epoch: 118, Train Loss: 15.6991, Train RMSE: 24.6765, Train MAPE: 0.1486, Valid Loss: 16.0885, Valid RMSE: 25.1139, Valid MAPE: 0.1534, Train Time: 27.6749s/epoch, Valid Time: 6.2574s, LR: 1.0000e-03
2026-08-14 19:52:44,098 - Epoch: 119, Train Loss: 15.6830, Train RMSE: 24.6549, Train MAPE: 0.1483, Valid Loss: 16.0538, Valid RMSE: 25.0631, Valid MAPE: 0.1482, Train Time: 27.9390s/epoch, Valid Time: 6.1068s, LR: 1.0000e-03
2026-08-14 19:53:18,061 - Epoch: 120, Train Loss: 15.6826, Train RMSE: 24.6525, Train MAPE: 0.1483, Valid Loss: 16.1812, Valid RMSE: 25.2564, Valid MAPE: 0.1527, Train Time: 27.7719s/epoch, Valid Time: 6.1886s, LR: 1.0000e-03
2026-08-14 19:53:52,241 - Epoch: 121, Train Loss: 15.6748, Train RMSE: 24.6432, Train MAPE: 0.1487, Valid Loss: 16.0569, Valid RMSE: 25.0782, Valid MAPE: 0.1474, Train Time: 27.8695s/epoch, Valid Time: 6.3080s, LR: 1.0000e-03
2026-08-14 19:54:26,249 - Epoch: 122, Train Loss: 15.6804, Train RMSE: 24.6463, Train MAPE: 0.1487, Valid Loss: 16.1934, Valid RMSE: 25.2237, Valid MAPE: 0.1578, Train Time: 27.8703s/epoch, Valid Time: 6.1213s, LR: 1.0000e-03
2026-08-14 19:55:00,160 - Epoch: 123, Train Loss: 15.7088, Train RMSE: 24.6824, Train MAPE: 0.1486, Valid Loss: 16.0710, Valid RMSE: 25.1184, Valid MAPE: 0.1511, Train Time: 27.7538s/epoch, Valid Time: 6.1551s, LR: 1.0000e-03
2026-08-14 19:55:34,116 - Epoch: 124, Train Loss: 15.6713, Train RMSE: 24.6406, Train MAPE: 0.1481, Valid Loss: 16.0289, Valid RMSE: 25.0328, Valid MAPE: 0.1496, Train Time: 27.8632s/epoch, Valid Time: 6.0906s, LR: 1.0000e-03
2026-08-14 19:55:34,124 - Val loss decrease from 16.0419 to 16.0289
2026-08-14 19:56:08,343 - Epoch: 125, Train Loss: 15.6606, Train RMSE: 24.6253, Train MAPE: 0.1477, Valid Loss: 16.1229, Valid RMSE: 25.1356, Valid MAPE: 0.1538, Train Time: 28.0728s/epoch, Valid Time: 6.1441s, LR: 1.0000e-03
2026-08-14 19:56:42,524 - Epoch: 126, Train Loss: 15.6546, Train RMSE: 24.6113, Train MAPE: 0.1481, Valid Loss: 16.0695, Valid RMSE: 25.1173, Valid MAPE: 0.1474, Train Time: 27.9326s/epoch, Valid Time: 6.2464s, LR: 1.0000e-03
2026-08-14 19:57:16,473 - Epoch: 127, Train Loss: 15.6669, Train RMSE: 24.6312, Train MAPE: 0.1479, Valid Loss: 16.0034, Valid RMSE: 24.9904, Valid MAPE: 0.1535, Train Time: 27.7886s/epoch, Valid Time: 6.1584s, LR: 1.0000e-03
2026-08-14 19:57:16,480 - Val loss decrease from 16.0289 to 16.0034
2026-08-14 19:57:50,428 - Epoch: 128, Train Loss: 15.6814, Train RMSE: 24.6573, Train MAPE: 0.1477, Valid Loss: 16.0345, Valid RMSE: 25.0652, Valid MAPE: 0.1464, Train Time: 27.7601s/epoch, Valid Time: 6.1865s, LR: 1.0000e-03
2026-08-14 19:58:24,521 - Epoch: 129, Train Loss: 15.6689, Train RMSE: 24.6329, Train MAPE: 0.1480, Valid Loss: 15.9916, Valid RMSE: 24.9708, Valid MAPE: 0.1544, Train Time: 27.8588s/epoch, Valid Time: 6.2320s, LR: 1.0000e-03
2026-08-14 19:58:24,530 - Val loss decrease from 16.0034 to 15.9916
2026-08-14 19:58:58,566 - Epoch: 130, Train Loss: 15.6595, Train RMSE: 24.6055, Train MAPE: 0.1489, Valid Loss: 16.1803, Valid RMSE: 25.1990, Valid MAPE: 0.1510, Train Time: 27.8650s/epoch, Valid Time: 6.1688s, LR: 1.0000e-03
2026-08-14 19:59:32,634 - Epoch: 131, Train Loss: 15.6729, Train RMSE: 24.6265, Train MAPE: 0.1487, Valid Loss: 16.0413, Valid RMSE: 25.0680, Valid MAPE: 0.1521, Train Time: 27.7932s/epoch, Valid Time: 6.2722s, LR: 1.0000e-03
2026-08-14 20:00:06,705 - Epoch: 132, Train Loss: 15.6420, Train RMSE: 24.5951, Train MAPE: 0.1475, Valid Loss: 16.1435, Valid RMSE: 25.2035, Valid MAPE: 0.1473, Train Time: 27.8973s/epoch, Valid Time: 6.1562s, LR: 1.0000e-03
2026-08-14 20:00:40,813 - Epoch: 133, Train Loss: 15.6434, Train RMSE: 24.5920, Train MAPE: 0.1471, Valid Loss: 15.9916, Valid RMSE: 24.9820, Valid MAPE: 0.1525, Train Time: 27.9038s/epoch, Valid Time: 6.2012s, LR: 1.0000e-03
2026-08-14 20:01:15,104 - Epoch: 134, Train Loss: 15.6331, Train RMSE: 24.5826, Train MAPE: 0.1477, Valid Loss: 16.0195, Valid RMSE: 25.0456, Valid MAPE: 0.1532, Train Time: 27.9179s/epoch, Valid Time: 6.3711s, LR: 1.0000e-03
2026-08-14 20:01:48,916 - Epoch: 135, Train Loss: 15.6206, Train RMSE: 24.5655, Train MAPE: 0.1475, Valid Loss: 16.1542, Valid RMSE: 25.2150, Valid MAPE: 0.1486, Train Time: 27.7318s/epoch, Valid Time: 6.0778s, LR: 1.0000e-03
2026-08-14 20:02:22,756 - Epoch: 136, Train Loss: 15.6081, Train RMSE: 24.5500, Train MAPE: 0.1470, Valid Loss: 16.0888, Valid RMSE: 25.1282, Valid MAPE: 0.1502, Train Time: 27.6336s/epoch, Valid Time: 6.2042s, LR: 1.0000e-03
2026-08-14 20:02:56,903 - Epoch: 137, Train Loss: 15.6524, Train RMSE: 24.6064, Train MAPE: 0.1472, Valid Loss: 16.1284, Valid RMSE: 25.1776, Valid MAPE: 0.1502, Train Time: 27.8985s/epoch, Valid Time: 6.2463s, LR: 1.0000e-03
2026-08-14 20:03:30,807 - Epoch: 138, Train Loss: 15.6109, Train RMSE: 24.5515, Train MAPE: 0.1472, Valid Loss: 16.0347, Valid RMSE: 25.0230, Valid MAPE: 0.1479, Train Time: 27.7874s/epoch, Valid Time: 6.1141s, LR: 1.0000e-03
2026-08-14 20:04:04,817 - Epoch: 139, Train Loss: 15.6131, Train RMSE: 24.5527, Train MAPE: 0.1471, Valid Loss: 16.0354, Valid RMSE: 25.0655, Valid MAPE: 0.1472, Train Time: 27.7872s/epoch, Valid Time: 6.2207s, LR: 1.0000e-03
2026-08-14 20:04:04,817 - Early stop at epoch 139, loss = 15.991584
2026-08-14 20:04:04,818 - best valid_loss:15.991584
2026-08-14 20:04:10,541 - Horizon 1, Test MAE: 14.1475, Test RMSE: 23.7272, Test MAPE: 0.1523
2026-08-14 20:04:10,556 - Horizon 2, Test MAE: 14.7884, Test RMSE: 24.7657, Test MAPE: 0.1546
2026-08-14 20:04:10,571 - Horizon 3, Test MAE: 15.3545, Test RMSE: 25.6299, Test MAPE: 0.1620
2026-08-14 20:04:10,586 - Horizon 4, Test MAE: 15.8131, Test RMSE: 26.3484, Test MAPE: 0.1624
2026-08-14 20:04:10,601 - Horizon 5, Test MAE: 16.2429, Test RMSE: 26.9992, Test MAPE: 0.1662
2026-08-14 20:04:10,616 - Horizon 6, Test MAE: 16.6611, Test RMSE: 27.6487, Test MAPE: 0.1671
2026-08-14 20:04:10,631 - Horizon 7, Test MAE: 17.1193, Test RMSE: 28.3262, Test MAPE: 0.1711
2026-08-14 20:04:10,646 - Horizon 8, Test MAE: 17.5119, Test RMSE: 28.9338, Test MAPE: 0.1739
2026-08-14 20:04:10,661 - Horizon 9, Test MAE: 17.8996, Test RMSE: 29.5115, Test MAPE: 0.1804
2026-08-14 20:04:10,676 - Horizon 10, Test MAE: 18.3017, Test RMSE: 30.1128, Test MAPE: 0.1877
2026-08-14 20:04:10,691 - Horizon 11, Test MAE: 18.7595, Test RMSE: 30.8205, Test MAPE: 0.1892
2026-08-14 20:04:10,706 - Horizon 12, Test MAE: 19.3367, Test RMSE: 31.6835, Test MAPE: 0.1937
2026-08-14 20:04:10,707 - Average Test MAE: 16.8280, Test RMSE: 27.8756, Test MAPE: 0.1717
2026-08-14 20:04:11,770 - trainable parameters: 9520, all parameters: 9520
2026-08-14 20:04:11,771 - total train time: 4740.601761579514 s
2026-08-14 20:04:11,780 - model:agcrn, dataset:PEMS03, mode:train, Enhancement:False, seed:998244353
2026-08-14 20:04:11,780 - mlp:False, frozen:False, pre_train:, save:pre_trained_agcrn_pems03_model.pt
2026-08-14 20:04:11,781 -  finished!! thank you!!
