2026-10-01 12:03:01,534 - Namespace(device='cuda:0', dataset='PEMS08', years='2016', model_name='d2stgnn', seed=998244353, batch_size=64, seq_length=12, horizon=12, input_dim=3, output_dim=1, mode='train', without_backbone=False, mlp=False, enhance=False, frozen=False, bias=False, pre_train='', save='pre_trained_d2stgnn_pems08_model.pt', embed_dim=16, num_mlrfs=2, num_cells=4, max_epochs=150, save_interval=10, patience=10, lrate=0.001, wdecay=0.0005, step_size=30, gamma=0.1, dropout=0.3, clip_grad_value=5, adj_type='doubletransition', wandb=True)
2026-10-01 12:03:47,611 - Data shape: (17856, 170, 3)
2026-10-01 12:03:48,794 - Sample num: 10700, Batch num: 167
2026-10-01 12:03:50,000 - Sample num: 3567, Batch num: 55
2026-10-01 12:03:50,820 - Sample num: 3566, Batch num: 55
2026-10-01 12:03:56,072 - The number of parameters: 392556
2026-10-01 12:03:56,574 - Start training!
2026-10-01 12:04:36,162 - Epoch: 001, Train Loss: 34.1462, Train RMSE: 48.0375, Train MAPE: 0.4546, Valid Loss: 22.3382, Valid RMSE: 34.1722, Valid MAPE: 0.2259, Train Time: 32.8893s/epoch, Valid Time: 6.6957s, LR: 1.0000e-03
2026-10-01 12:04:36,209 - Val loss decrease from inf to 22.3382
2026-10-01 12:05:13,903 - Epoch: 002, Train Loss: 23.2228, Train RMSE: 34.4725, Train MAPE: 0.2540, Valid Loss: 20.7421, Valid RMSE: 32.0802, Valid MAPE: 0.1853, Train Time: 32.2482s/epoch, Valid Time: 5.4106s, LR: 5.0000e-04
2026-10-01 12:05:13,945 - Val loss decrease from 22.3382 to 20.7421
2026-10-01 12:05:51,572 - Epoch: 003, Train Loss: 22.2460, Train RMSE: 33.3610, Train MAPE: 0.2284, Valid Loss: 20.2792, Valid RMSE: 31.3937, Valid MAPE: 0.1755, Train Time: 32.2035s/epoch, Valid Time: 5.4205s, LR: 5.0000e-04
2026-10-01 12:05:51,613 - Val loss decrease from 20.7421 to 20.2792
2026-10-01 12:06:29,246 - Epoch: 004, Train Loss: 21.5312, Train RMSE: 32.5487, Train MAPE: 0.2106, Valid Loss: 19.8794, Valid RMSE: 30.6471, Valid MAPE: 0.2062, Train Time: 32.2043s/epoch, Valid Time: 5.4264s, LR: 5.0000e-04
2026-10-01 12:06:29,285 - Val loss decrease from 20.2792 to 19.8794
2026-10-01 12:07:06,884 - Epoch: 005, Train Loss: 20.8586, Train RMSE: 31.8660, Train MAPE: 0.1903, Valid Loss: 19.1557, Valid RMSE: 30.2827, Valid MAPE: 0.1534, Train Time: 32.1880s/epoch, Valid Time: 5.4091s, LR: 5.0000e-04
2026-10-01 12:07:06,921 - Val loss decrease from 19.8794 to 19.1557
2026-10-01 12:07:44,575 - Epoch: 006, Train Loss: 20.5620, Train RMSE: 31.4700, Train MAPE: 0.1839, Valid Loss: 19.4189, Valid RMSE: 30.4102, Valid MAPE: 0.1562, Train Time: 32.1534s/epoch, Valid Time: 5.4980s, LR: 5.0000e-04
2026-10-01 12:08:22,167 - Epoch: 007, Train Loss: 20.2672, Train RMSE: 31.1614, Train MAPE: 0.1764, Valid Loss: 19.9188, Valid RMSE: 30.1068, Valid MAPE: 0.2283, Train Time: 32.1226s/epoch, Valid Time: 5.4676s, LR: 5.0000e-04
2026-10-01 12:08:59,665 - Epoch: 008, Train Loss: 19.9254, Train RMSE: 30.7843, Train MAPE: 0.1674, Valid Loss: 20.6644, Valid RMSE: 31.1129, Valid MAPE: 0.2065, Train Time: 32.0761s/epoch, Valid Time: 5.4195s, LR: 5.0000e-04
2026-10-01 12:09:37,259 - Epoch: 009, Train Loss: 19.7802, Train RMSE: 30.6591, Train MAPE: 0.1619, Valid Loss: 18.7317, Valid RMSE: 29.4214, Valid MAPE: 0.1677, Train Time: 32.1569s/epoch, Valid Time: 5.4346s, LR: 5.0000e-04
2026-10-01 12:09:37,295 - Val loss decrease from 19.1557 to 18.7317
2026-10-01 12:10:14,917 - Epoch: 010, Train Loss: 19.4694, Train RMSE: 30.2970, Train MAPE: 0.1570, Valid Loss: 18.6386, Valid RMSE: 29.3181, Valid MAPE: 0.1429, Train Time: 32.1821s/epoch, Valid Time: 5.4380s, LR: 5.0000e-04
2026-10-01 12:10:14,956 - Val loss decrease from 18.7317 to 18.6386
2026-10-01 12:10:52,512 - Epoch: 011, Train Loss: 19.2724, Train RMSE: 30.0568, Train MAPE: 0.1549, Valid Loss: 18.4825, Valid RMSE: 29.2907, Valid MAPE: 0.1477, Train Time: 32.1608s/epoch, Valid Time: 5.3935s, LR: 5.0000e-04
2026-10-01 12:10:52,564 - Val loss decrease from 18.6386 to 18.4825
2026-10-01 12:11:30,234 - Epoch: 012, Train Loss: 19.1492, Train RMSE: 29.9323, Train MAPE: 0.1508, Valid Loss: 18.0856, Valid RMSE: 28.7461, Valid MAPE: 0.1499, Train Time: 32.2038s/epoch, Valid Time: 5.4218s, LR: 5.0000e-04
2026-10-01 12:11:30,271 - Val loss decrease from 18.4825 to 18.0856
2026-10-01 12:12:07,934 - Epoch: 013, Train Loss: 18.9737, Train RMSE: 29.7197, Train MAPE: 0.1480, Valid Loss: 17.8713, Valid RMSE: 28.5666, Valid MAPE: 0.1273, Train Time: 32.1942s/epoch, Valid Time: 5.4671s, LR: 5.0000e-04
2026-10-01 12:12:07,971 - Val loss decrease from 18.0856 to 17.8713
2026-10-01 12:12:45,775 - Epoch: 014, Train Loss: 18.9311, Train RMSE: 29.6673, Train MAPE: 0.1461, Valid Loss: 18.1765, Valid RMSE: 28.7521, Valid MAPE: 0.1275, Train Time: 32.3430s/epoch, Valid Time: 5.4584s, LR: 5.0000e-04
2026-10-01 12:13:23,544 - Epoch: 015, Train Loss: 18.7239, Train RMSE: 29.4305, Train MAPE: 0.1434, Valid Loss: 17.9314, Valid RMSE: 28.5996, Valid MAPE: 0.1281, Train Time: 32.2944s/epoch, Valid Time: 5.4728s, LR: 5.0000e-04
2026-10-01 12:14:01,279 - Epoch: 016, Train Loss: 18.6309, Train RMSE: 29.3203, Train MAPE: 0.1418, Valid Loss: 17.7727, Valid RMSE: 28.4400, Valid MAPE: 0.1206, Train Time: 32.2355s/epoch, Valid Time: 5.4976s, LR: 5.0000e-04
2026-10-01 12:14:01,319 - Val loss decrease from 17.8713 to 17.7727
2026-10-01 12:14:38,943 - Epoch: 017, Train Loss: 18.4918, Train RMSE: 29.1421, Train MAPE: 0.1401, Valid Loss: 17.8628, Valid RMSE: 28.4041, Valid MAPE: 0.1344, Train Time: 32.1678s/epoch, Valid Time: 5.4545s, LR: 5.0000e-04
2026-10-01 12:15:16,585 - Epoch: 018, Train Loss: 18.4534, Train RMSE: 29.0769, Train MAPE: 0.1405, Valid Loss: 17.8316, Valid RMSE: 28.1901, Valid MAPE: 0.1328, Train Time: 32.2034s/epoch, Valid Time: 5.4363s, LR: 5.0000e-04
2026-10-01 12:15:54,197 - Epoch: 019, Train Loss: 18.3253, Train RMSE: 28.9496, Train MAPE: 0.1369, Valid Loss: 17.6797, Valid RMSE: 28.1849, Valid MAPE: 0.1216, Train Time: 32.1998s/epoch, Valid Time: 5.4100s, LR: 5.0000e-04
2026-10-01 12:15:54,236 - Val loss decrease from 17.7727 to 17.6797
2026-10-01 12:16:31,886 - Epoch: 020, Train Loss: 18.3428, Train RMSE: 28.9466, Train MAPE: 0.1383, Valid Loss: 17.3631, Valid RMSE: 27.9324, Valid MAPE: 0.1289, Train Time: 32.2079s/epoch, Valid Time: 5.4397s, LR: 5.0000e-04
2026-10-01 12:16:31,924 - Val loss decrease from 17.6797 to 17.3631
2026-10-01 12:17:09,219 - Epoch: 021, Train Loss: 18.1292, Train RMSE: 28.7388, Train MAPE: 0.1339, Valid Loss: 17.6448, Valid RMSE: 28.0819, Valid MAPE: 0.1327, Train Time: 31.9474s/epoch, Valid Time: 5.3460s, LR: 5.0000e-04
2026-10-01 12:17:46,646 - Epoch: 022, Train Loss: 18.1623, Train RMSE: 28.7345, Train MAPE: 0.1350, Valid Loss: 17.7841, Valid RMSE: 28.2883, Valid MAPE: 0.1214, Train Time: 31.9814s/epoch, Valid Time: 5.3898s, LR: 5.0000e-04
2026-10-01 12:18:24,070 - Epoch: 023, Train Loss: 17.9881, Train RMSE: 28.5322, Train MAPE: 0.1343, Valid Loss: 17.3091, Valid RMSE: 27.7088, Valid MAPE: 0.1197, Train Time: 32.0124s/epoch, Valid Time: 5.4096s, LR: 5.0000e-04
2026-10-01 12:18:24,108 - Val loss decrease from 17.3631 to 17.3091
2026-10-01 12:19:01,577 - Epoch: 024, Train Loss: 17.9210, Train RMSE: 28.4569, Train MAPE: 0.1326, Valid Loss: 17.6171, Valid RMSE: 28.0142, Valid MAPE: 0.1210, Train Time: 32.0445s/epoch, Valid Time: 5.4224s, LR: 5.0000e-04
2026-10-01 12:19:39,111 - Epoch: 025, Train Loss: 17.8087, Train RMSE: 28.3431, Train MAPE: 0.1295, Valid Loss: 17.2000, Valid RMSE: 27.5001, Valid MAPE: 0.1228, Train Time: 32.0751s/epoch, Valid Time: 5.4570s, LR: 5.0000e-04
2026-10-01 12:19:39,149 - Val loss decrease from 17.3091 to 17.2000
2026-10-01 12:20:16,628 - Epoch: 026, Train Loss: 17.8013, Train RMSE: 28.2729, Train MAPE: 0.1341, Valid Loss: 16.9313, Valid RMSE: 27.2555, Valid MAPE: 0.1350, Train Time: 32.0481s/epoch, Valid Time: 5.4291s, LR: 5.0000e-04
2026-10-01 12:20:16,670 - Val loss decrease from 17.2000 to 16.9313
2026-10-01 12:20:54,162 - Epoch: 027, Train Loss: 17.7046, Train RMSE: 28.1777, Train MAPE: 0.1299, Valid Loss: 17.0666, Valid RMSE: 27.1944, Valid MAPE: 0.1574, Train Time: 32.0998s/epoch, Valid Time: 5.3901s, LR: 5.0000e-04
2026-10-01 12:21:31,550 - Epoch: 028, Train Loss: 17.5606, Train RMSE: 28.0153, Train MAPE: 0.1283, Valid Loss: 16.8804, Valid RMSE: 27.1019, Valid MAPE: 0.1406, Train Time: 32.0300s/epoch, Valid Time: 5.3561s, LR: 5.0000e-04
2026-10-01 12:21:31,594 - Val loss decrease from 16.9313 to 16.8804
2026-10-01 12:22:09,068 - Epoch: 029, Train Loss: 17.4608, Train RMSE: 27.8979, Train MAPE: 0.1274, Valid Loss: 16.7174, Valid RMSE: 26.9460, Valid MAPE: 0.1241, Train Time: 32.0860s/epoch, Valid Time: 5.3859s, LR: 5.0000e-04
2026-10-01 12:22:09,105 - Val loss decrease from 16.8804 to 16.7174
2026-10-01 12:22:46,569 - Epoch: 030, Train Loss: 17.3533, Train RMSE: 27.7717, Train MAPE: 0.1258, Valid Loss: 16.7152, Valid RMSE: 26.9044, Valid MAPE: 0.1189, Train Time: 32.0835s/epoch, Valid Time: 5.3783s, LR: 5.0000e-04
2026-10-01 12:22:46,608 - Val loss decrease from 16.7174 to 16.7152
2026-10-01 12:23:24,134 - Epoch: 031, Train Loss: 17.3247, Train RMSE: 27.7070, Train MAPE: 0.1272, Valid Loss: 16.7962, Valid RMSE: 26.9286, Valid MAPE: 0.1240, Train Time: 32.0961s/epoch, Valid Time: 5.4279s, LR: 5.0000e-04
2026-10-01 12:24:01,939 - Epoch: 032, Train Loss: 17.2843, Train RMSE: 27.6445, Train MAPE: 0.1266, Valid Loss: 16.8715, Valid RMSE: 26.8570, Valid MAPE: 0.1507, Train Time: 32.3214s/epoch, Valid Time: 5.4398s, LR: 5.0000e-04
2026-10-01 12:24:39,355 - Epoch: 033, Train Loss: 17.2813, Train RMSE: 27.6140, Train MAPE: 0.1264, Valid Loss: 16.6635, Valid RMSE: 26.7137, Valid MAPE: 0.1318, Train Time: 31.9652s/epoch, Valid Time: 5.4487s, LR: 5.0000e-04
2026-10-01 12:24:39,393 - Val loss decrease from 16.7152 to 16.6635
2026-10-01 12:25:16,867 - Epoch: 034, Train Loss: 17.3189, Train RMSE: 27.5991, Train MAPE: 0.1282, Valid Loss: 16.8350, Valid RMSE: 26.7618, Valid MAPE: 0.1571, Train Time: 32.0298s/epoch, Valid Time: 5.4415s, LR: 5.0000e-04
2026-10-01 12:25:54,248 - Epoch: 035, Train Loss: 17.0957, Train RMSE: 27.3948, Train MAPE: 0.1242, Valid Loss: 16.6856, Valid RMSE: 26.5369, Valid MAPE: 0.1609, Train Time: 31.9470s/epoch, Valid Time: 5.4322s, LR: 5.0000e-04
2026-10-01 12:26:31,537 - Epoch: 036, Train Loss: 17.0691, Train RMSE: 27.3512, Train MAPE: 0.1239, Valid Loss: 17.0591, Valid RMSE: 27.1292, Valid MAPE: 0.1177, Train Time: 31.9368s/epoch, Valid Time: 5.3497s, LR: 5.0000e-04
2026-10-01 12:27:08,913 - Epoch: 037, Train Loss: 17.0341, Train RMSE: 27.2600, Train MAPE: 0.1271, Valid Loss: 17.2676, Valid RMSE: 27.1881, Valid MAPE: 0.1285, Train Time: 31.9839s/epoch, Valid Time: 5.3892s, LR: 5.0000e-04
2026-10-01 12:27:46,272 - Epoch: 038, Train Loss: 16.9428, Train RMSE: 27.1544, Train MAPE: 0.1227, Valid Loss: 16.4665, Valid RMSE: 26.5578, Valid MAPE: 0.1146, Train Time: 31.9909s/epoch, Valid Time: 5.3665s, LR: 5.0000e-04
2026-10-01 12:27:46,310 - Val loss decrease from 16.6635 to 16.4665
2026-10-01 12:28:23,644 - Epoch: 039, Train Loss: 16.6912, Train RMSE: 26.9109, Train MAPE: 0.1183, Valid Loss: 16.2018, Valid RMSE: 26.1475, Valid MAPE: 0.1184, Train Time: 31.9624s/epoch, Valid Time: 5.3693s, LR: 2.5000e-04
2026-10-01 12:28:23,681 - Val loss decrease from 16.4665 to 16.2018
2026-10-01 12:29:01,058 - Epoch: 040, Train Loss: 16.6226, Train RMSE: 26.8263, Train MAPE: 0.1161, Valid Loss: 16.3673, Valid RMSE: 26.2172, Valid MAPE: 0.1279, Train Time: 32.0058s/epoch, Valid Time: 5.3686s, LR: 2.5000e-04
2026-10-01 12:29:38,382 - Epoch: 041, Train Loss: 16.5611, Train RMSE: 26.7513, Train MAPE: 0.1162, Valid Loss: 16.0833, Valid RMSE: 25.9558, Valid MAPE: 0.1121, Train Time: 31.9320s/epoch, Valid Time: 5.3904s, LR: 2.5000e-04
2026-10-01 12:29:38,432 - Val loss decrease from 16.2018 to 16.0833
2026-10-01 12:30:16,004 - Epoch: 042, Train Loss: 16.5283, Train RMSE: 26.6864, Train MAPE: 0.1160, Valid Loss: 15.9446, Valid RMSE: 25.8720, Valid MAPE: 0.1133, Train Time: 32.1038s/epoch, Valid Time: 5.4275s, LR: 2.5000e-04
2026-10-01 12:30:16,051 - Val loss decrease from 16.0833 to 15.9446
2026-10-01 12:30:53,445 - Epoch: 043, Train Loss: 16.4548, Train RMSE: 26.6037, Train MAPE: 0.1151, Valid Loss: 16.2261, Valid RMSE: 25.9192, Valid MAPE: 0.1383, Train Time: 31.9019s/epoch, Valid Time: 5.4898s, LR: 2.5000e-04
2026-10-01 12:31:30,838 - Epoch: 044, Train Loss: 16.4030, Train RMSE: 26.5242, Train MAPE: 0.1153, Valid Loss: 15.9466, Valid RMSE: 25.7882, Valid MAPE: 0.1155, Train Time: 32.0300s/epoch, Valid Time: 5.3610s, LR: 2.5000e-04
2026-10-01 12:32:08,250 - Epoch: 045, Train Loss: 16.3717, Train RMSE: 26.4877, Train MAPE: 0.1154, Valid Loss: 16.3304, Valid RMSE: 25.9266, Valid MAPE: 0.1497, Train Time: 32.0292s/epoch, Valid Time: 5.3798s, LR: 2.5000e-04
2026-10-01 12:32:45,693 - Epoch: 046, Train Loss: 16.3270, Train RMSE: 26.4183, Train MAPE: 0.1144, Valid Loss: 15.8458, Valid RMSE: 25.7275, Valid MAPE: 0.1121, Train Time: 32.0702s/epoch, Valid Time: 5.3710s, LR: 2.5000e-04
2026-10-01 12:32:45,731 - Val loss decrease from 15.9446 to 15.8458
2026-10-01 12:33:23,183 - Epoch: 047, Train Loss: 16.2253, Train RMSE: 26.3179, Train MAPE: 0.1125, Valid Loss: 15.9231, Valid RMSE: 25.6927, Valid MAPE: 0.1339, Train Time: 32.0725s/epoch, Valid Time: 5.3777s, LR: 1.2500e-04
2026-10-01 12:34:00,680 - Epoch: 048, Train Loss: 16.2136, Train RMSE: 26.2976, Train MAPE: 0.1125, Valid Loss: 15.7300, Valid RMSE: 25.5476, Valid MAPE: 0.1167, Train Time: 32.0392s/epoch, Valid Time: 5.4555s, LR: 1.2500e-04
2026-10-01 12:34:00,726 - Val loss decrease from 15.8458 to 15.7300
2026-10-01 12:34:38,194 - Epoch: 049, Train Loss: 16.1754, Train RMSE: 26.2473, Train MAPE: 0.1123, Valid Loss: 15.8157, Valid RMSE: 25.5631, Valid MAPE: 0.1258, Train Time: 32.0851s/epoch, Valid Time: 5.3811s, LR: 1.2500e-04
2026-10-01 12:35:15,703 - Epoch: 050, Train Loss: 16.1505, Train RMSE: 26.2213, Train MAPE: 0.1124, Valid Loss: 15.7934, Valid RMSE: 25.5494, Valid MAPE: 0.1237, Train Time: 32.0947s/epoch, Valid Time: 5.4118s, LR: 1.2500e-04
2026-10-01 12:35:53,330 - Epoch: 051, Train Loss: 16.1261, Train RMSE: 26.1926, Train MAPE: 0.1115, Valid Loss: 15.6923, Valid RMSE: 25.5058, Valid MAPE: 0.1201, Train Time: 32.2281s/epoch, Valid Time: 5.3964s, LR: 1.2500e-04
2026-10-01 12:35:53,370 - Val loss decrease from 15.7300 to 15.6923
2026-10-01 12:36:31,149 - Epoch: 052, Train Loss: 16.1158, Train RMSE: 26.1650, Train MAPE: 0.1116, Valid Loss: 15.7164, Valid RMSE: 25.5015, Valid MAPE: 0.1173, Train Time: 32.2463s/epoch, Valid Time: 5.4820s, LR: 1.2500e-04
2026-10-01 12:37:08,723 - Epoch: 053, Train Loss: 16.0951, Train RMSE: 26.1451, Train MAPE: 0.1119, Valid Loss: 15.7182, Valid RMSE: 25.4714, Valid MAPE: 0.1229, Train Time: 32.1287s/epoch, Valid Time: 5.4427s, LR: 1.2500e-04
2026-10-01 12:37:46,099 - Epoch: 054, Train Loss: 16.0714, Train RMSE: 26.1227, Train MAPE: 0.1112, Valid Loss: 15.8353, Valid RMSE: 25.5226, Valid MAPE: 0.1338, Train Time: 32.0027s/epoch, Valid Time: 5.3710s, LR: 1.2500e-04
2026-10-01 12:38:23,491 - Epoch: 055, Train Loss: 16.0212, Train RMSE: 26.0625, Train MAPE: 0.1103, Valid Loss: 15.7861, Valid RMSE: 25.4804, Valid MAPE: 0.1318, Train Time: 32.0169s/epoch, Valid Time: 5.3728s, LR: 6.2500e-05
2026-10-01 12:39:00,927 - Epoch: 056, Train Loss: 16.0095, Train RMSE: 26.0548, Train MAPE: 0.1102, Valid Loss: 15.6675, Valid RMSE: 25.4255, Valid MAPE: 0.1185, Train Time: 32.0774s/epoch, Valid Time: 5.3566s, LR: 6.2500e-05
2026-10-01 12:39:00,964 - Val loss decrease from 15.6923 to 15.6675
2026-10-01 12:39:38,419 - Epoch: 057, Train Loss: 15.9941, Train RMSE: 26.0318, Train MAPE: 0.1100, Valid Loss: 15.7269, Valid RMSE: 25.4288, Valid MAPE: 0.1261, Train Time: 32.0789s/epoch, Valid Time: 5.3739s, LR: 6.2500e-05
2026-10-01 12:40:15,828 - Epoch: 058, Train Loss: 15.9785, Train RMSE: 26.0146, Train MAPE: 0.1097, Valid Loss: 15.7833, Valid RMSE: 25.4356, Valid MAPE: 0.1391, Train Time: 32.0057s/epoch, Valid Time: 5.4014s, LR: 6.2500e-05
2026-10-01 12:40:53,347 - Epoch: 059, Train Loss: 15.9734, Train RMSE: 26.0065, Train MAPE: 0.1096, Valid Loss: 15.7244, Valid RMSE: 25.4214, Valid MAPE: 0.1345, Train Time: 32.1285s/epoch, Valid Time: 5.3884s, LR: 6.2500e-05
2026-10-01 12:41:30,927 - Epoch: 060, Train Loss: 15.9566, Train RMSE: 25.9897, Train MAPE: 0.1096, Valid Loss: 15.6807, Valid RMSE: 25.4043, Valid MAPE: 0.1227, Train Time: 32.1257s/epoch, Valid Time: 5.4523s, LR: 6.2500e-05
2026-10-01 12:42:08,449 - Epoch: 061, Train Loss: 15.9453, Train RMSE: 25.9698, Train MAPE: 0.1098, Valid Loss: 15.6047, Valid RMSE: 25.3541, Valid MAPE: 0.1285, Train Time: 32.1032s/epoch, Valid Time: 5.4168s, LR: 6.2500e-05
2026-10-01 12:42:08,492 - Val loss decrease from 15.6675 to 15.6047
2026-10-01 12:42:46,087 - Epoch: 062, Train Loss: 15.9339, Train RMSE: 25.9619, Train MAPE: 0.1094, Valid Loss: 15.7184, Valid RMSE: 25.3951, Valid MAPE: 0.1277, Train Time: 32.1163s/epoch, Valid Time: 5.4243s, LR: 6.2500e-05
2026-10-01 12:43:23,605 - Epoch: 063, Train Loss: 15.9115, Train RMSE: 25.9303, Train MAPE: 0.1089, Valid Loss: 15.6618, Valid RMSE: 25.3654, Valid MAPE: 0.1229, Train Time: 32.1442s/epoch, Valid Time: 5.3714s, LR: 3.1250e-05
2026-10-01 12:44:01,163 - Epoch: 064, Train Loss: 15.9041, Train RMSE: 25.9215, Train MAPE: 0.1089, Valid Loss: 15.7042, Valid RMSE: 25.3784, Valid MAPE: 0.1287, Train Time: 32.1728s/epoch, Valid Time: 5.3831s, LR: 3.1250e-05
2026-10-01 12:44:38,718 - Epoch: 065, Train Loss: 15.8968, Train RMSE: 25.9134, Train MAPE: 0.1089, Valid Loss: 15.7378, Valid RMSE: 25.4029, Valid MAPE: 0.1300, Train Time: 32.1290s/epoch, Valid Time: 5.4242s, LR: 3.1250e-05
2026-10-01 12:45:16,485 - Epoch: 066, Train Loss: 15.8952, Train RMSE: 25.9132, Train MAPE: 0.1088, Valid Loss: 15.7171, Valid RMSE: 25.3688, Valid MAPE: 0.1355, Train Time: 32.3676s/epoch, Valid Time: 5.3967s, LR: 3.1250e-05
2026-10-01 12:45:54,138 - Epoch: 067, Train Loss: 15.8832, Train RMSE: 25.9008, Train MAPE: 0.1086, Valid Loss: 15.7072, Valid RMSE: 25.3625, Valid MAPE: 0.1334, Train Time: 32.1887s/epoch, Valid Time: 5.4619s, LR: 3.1250e-05
2026-10-01 12:46:31,808 - Epoch: 068, Train Loss: 15.8768, Train RMSE: 25.9034, Train MAPE: 0.1088, Valid Loss: 15.6959, Valid RMSE: 25.3495, Valid MAPE: 0.1333, Train Time: 32.1741s/epoch, Valid Time: 5.4934s, LR: 3.1250e-05
2026-10-01 12:47:09,415 - Epoch: 069, Train Loss: 15.8754, Train RMSE: 25.8903, Train MAPE: 0.1087, Valid Loss: 15.7780, Valid RMSE: 25.3945, Valid MAPE: 0.1327, Train Time: 32.1499s/epoch, Valid Time: 5.4552s, LR: 3.1250e-05
2026-10-01 12:47:46,931 - Epoch: 070, Train Loss: 15.8718, Train RMSE: 25.8869, Train MAPE: 0.1087, Valid Loss: 15.6849, Valid RMSE: 25.3507, Valid MAPE: 0.1300, Train Time: 32.0919s/epoch, Valid Time: 5.4221s, LR: 3.1250e-05
2026-10-01 12:48:24,413 - Epoch: 071, Train Loss: 15.8572, Train RMSE: 25.8672, Train MAPE: 0.1083, Valid Loss: 15.7137, Valid RMSE: 25.3554, Valid MAPE: 0.1354, Train Time: 32.0293s/epoch, Valid Time: 5.4499s, LR: 1.5625e-05
2026-10-01 12:48:24,413 - Early stop at epoch 71, loss = 15.604698
2026-10-01 12:48:24,415 - best valid_loss:15.604698
2026-10-01 12:48:29,789 - Horizon 1, Test MAE: 13.1055, Test RMSE: 20.2167, Test MAPE: 0.1039
2026-10-01 12:48:29,793 - Horizon 2, Test MAE: 13.7702, Test RMSE: 21.5499, Test MAPE: 0.1073
2026-10-01 12:48:29,798 - Horizon 3, Test MAE: 14.2718, Test RMSE: 22.5256, Test MAPE: 0.1099
2026-10-01 12:48:29,803 - Horizon 4, Test MAE: 14.7364, Test RMSE: 23.3510, Test MAPE: 0.1123
2026-10-01 12:48:29,808 - Horizon 5, Test MAE: 15.0112, Test RMSE: 23.8864, Test MAPE: 0.1142
2026-10-01 12:48:29,813 - Horizon 6, Test MAE: 15.3002, Test RMSE: 24.4199, Test MAPE: 0.1161
2026-10-01 12:48:29,817 - Horizon 7, Test MAE: 15.6032, Test RMSE: 24.8754, Test MAPE: 0.1198
2026-10-01 12:48:29,822 - Horizon 8, Test MAE: 15.8570, Test RMSE: 25.3245, Test MAPE: 0.1213
2026-10-01 12:48:29,827 - Horizon 9, Test MAE: 16.1662, Test RMSE: 25.8274, Test MAPE: 0.1232
2026-10-01 12:48:29,831 - Horizon 10, Test MAE: 16.4442, Test RMSE: 26.2405, Test MAPE: 0.1243
2026-10-01 12:48:29,836 - Horizon 11, Test MAE: 16.7664, Test RMSE: 26.7481, Test MAPE: 0.1258
2026-10-01 12:48:29,841 - Horizon 12, Test MAE: 17.2361, Test RMSE: 27.4476, Test MAPE: 0.1290
2026-10-01 12:48:29,842 - Average Test MAE: 15.3557, Test RMSE: 24.3677, Test MAPE: 0.1172
2026-10-01 12:48:30,914 - trainable parameters: 392556, all parameters: 392556
2026-10-01 12:48:30,915 - total train time: 2674.3393745422363 s
2026-10-01 12:48:30,960 - model:d2stgnn, dataset:PEMS08, mode:train, Enhancement:False, seed:998244353
2026-10-01 12:48:30,961 - mlp:False, frozen:False, pre_train:, save:pre_trained_d2stgnn_pems08_model.pt
2026-10-01 12:48:30,961 -  finished!! thank you!!
