2026-08-15 05:48:40,213 - Namespace(device='cuda:0', dataset='PEMS03', years='2018', model_name='stid', seed=998244353, batch_size=64, seq_length=12, horizon=12, input_dim=3, output_dim=1, mode='train', without_backbone=False, mlp=False, enhance=False, frozen=False, bias=False, pre_train='', save='pre_trained_stid_pems03_model.pt', embed_dim=16, num_mlrfs=2, num_cells=4, max_epochs=150, save_interval=10, patience=10, lrate=0.001, wdecay=0.0005, step_size=30, gamma=0.1, dropout=0.3, clip_grad_value=5, adj_type='doubletransition', wandb=True)
2026-08-15 05:49:02,232 - Data shape: (26208, 358, 3)
2026-08-15 05:49:03,667 - Sample num: 15711, Batch num: 245
2026-08-15 05:49:05,066 - Sample num: 5237, Batch num: 81
2026-08-15 05:49:06,677 - Sample num: 5237, Batch num: 81
2026-08-15 05:49:12,563 - Start training!
2026-08-15 05:49:46,463 - Epoch: 001, Train Loss: 33.9002, Train RMSE: 46.5556, Train MAPE: 0.7066, Valid Loss: 19.7086, Valid RMSE: 29.5411, Valid MAPE: 0.2702, Train Time: 29.6013s/epoch, Valid Time: 4.2949s, LR: 1.0000e-03
2026-08-15 05:49:46,536 - Val loss decrease from inf to 19.7086
2026-08-15 05:50:19,402 - Epoch: 002, Train Loss: 19.5512, Train RMSE: 29.2513, Train MAPE: 0.2789, Valid Loss: 18.8894, Valid RMSE: 28.6573, Valid MAPE: 0.2502, Train Time: 28.8856s/epoch, Valid Time: 3.9140s, LR: 1.0000e-03
2026-08-15 05:50:19,493 - Val loss decrease from 19.7086 to 18.8894
2026-08-15 05:50:51,828 - Epoch: 003, Train Loss: 17.6074, Train RMSE: 26.8644, Train MAPE: 0.2245, Valid Loss: 16.1619, Valid RMSE: 25.0598, Valid MAPE: 0.1791, Train Time: 28.7034s/epoch, Valid Time: 3.6298s, LR: 1.0000e-03
2026-08-15 05:50:51,899 - Val loss decrease from 18.8894 to 16.1619
2026-08-15 05:51:24,390 - Epoch: 004, Train Loss: 17.1822, Train RMSE: 26.2478, Train MAPE: 0.2168, Valid Loss: 15.9354, Valid RMSE: 24.5835, Valid MAPE: 0.1822, Train Time: 28.7096s/epoch, Valid Time: 3.7799s, LR: 1.0000e-03
2026-08-15 05:51:24,459 - Val loss decrease from 16.1619 to 15.9354
2026-08-15 05:51:56,907 - Epoch: 005, Train Loss: 16.3642, Train RMSE: 25.2913, Train MAPE: 0.1950, Valid Loss: 15.5596, Valid RMSE: 24.0125, Valid MAPE: 0.2033, Train Time: 28.7706s/epoch, Valid Time: 3.6748s, LR: 1.0000e-03
2026-08-15 05:51:56,977 - Val loss decrease from 15.9354 to 15.5596
2026-08-15 05:52:29,578 - Epoch: 006, Train Loss: 15.8945, Train RMSE: 24.7184, Train MAPE: 0.1824, Valid Loss: 15.5833, Valid RMSE: 23.9742, Valid MAPE: 0.1942, Train Time: 28.7180s/epoch, Valid Time: 3.8810s, LR: 1.0000e-03
2026-08-15 05:53:02,134 - Epoch: 007, Train Loss: 15.7113, Train RMSE: 24.4468, Train MAPE: 0.1804, Valid Loss: 15.1620, Valid RMSE: 23.8117, Valid MAPE: 0.1652, Train Time: 28.9487s/epoch, Valid Time: 3.6049s, LR: 1.0000e-03
2026-08-15 05:53:02,224 - Val loss decrease from 15.5596 to 15.1620
2026-08-15 05:53:34,698 - Epoch: 008, Train Loss: 15.5453, Train RMSE: 24.2230, Train MAPE: 0.1781, Valid Loss: 14.8935, Valid RMSE: 23.2927, Valid MAPE: 0.1570, Train Time: 28.7372s/epoch, Valid Time: 3.7348s, LR: 1.0000e-03
2026-08-15 05:53:34,768 - Val loss decrease from 15.1620 to 14.8935
2026-08-15 05:54:07,229 - Epoch: 009, Train Loss: 15.5856, Train RMSE: 24.2427, Train MAPE: 0.1805, Valid Loss: 14.7399, Valid RMSE: 23.1726, Valid MAPE: 0.1506, Train Time: 28.7774s/epoch, Valid Time: 3.6808s, LR: 1.0000e-03
2026-08-15 05:54:07,296 - Val loss decrease from 14.8935 to 14.7399
2026-08-15 05:54:39,818 - Epoch: 010, Train Loss: 15.0995, Train RMSE: 23.6925, Train MAPE: 0.1662, Valid Loss: 14.7665, Valid RMSE: 23.2377, Valid MAPE: 0.1475, Train Time: 28.7014s/epoch, Valid Time: 3.8181s, LR: 1.0000e-03
2026-08-15 05:55:12,255 - Epoch: 011, Train Loss: 15.4218, Train RMSE: 24.0273, Train MAPE: 0.1777, Valid Loss: 15.7235, Valid RMSE: 24.0592, Valid MAPE: 0.1962, Train Time: 28.7316s/epoch, Valid Time: 3.7031s, LR: 1.0000e-03
2026-08-15 05:55:44,959 - Epoch: 012, Train Loss: 15.0380, Train RMSE: 23.6354, Train MAPE: 0.1639, Valid Loss: 14.7784, Valid RMSE: 22.9908, Valid MAPE: 0.1743, Train Time: 28.9235s/epoch, Valid Time: 3.6742s, LR: 1.0000e-03
2026-08-15 05:56:17,401 - Epoch: 013, Train Loss: 15.0379, Train RMSE: 23.5928, Train MAPE: 0.1664, Valid Loss: 15.2401, Valid RMSE: 23.7610, Valid MAPE: 0.1615, Train Time: 28.7618s/epoch, Valid Time: 3.6786s, LR: 1.0000e-03
2026-08-15 05:56:49,908 - Epoch: 014, Train Loss: 14.8054, Train RMSE: 23.3730, Train MAPE: 0.1587, Valid Loss: 14.8522, Valid RMSE: 23.0553, Valid MAPE: 0.1905, Train Time: 28.7473s/epoch, Valid Time: 3.7570s, LR: 1.0000e-03
2026-08-15 05:57:22,444 - Epoch: 015, Train Loss: 14.7168, Train RMSE: 23.2022, Train MAPE: 0.1605, Valid Loss: 14.7820, Valid RMSE: 22.8902, Valid MAPE: 0.1824, Train Time: 28.7740s/epoch, Valid Time: 3.7595s, LR: 1.0000e-03
2026-08-15 05:57:55,076 - Epoch: 016, Train Loss: 14.7412, Train RMSE: 23.2393, Train MAPE: 0.1598, Valid Loss: 14.5884, Valid RMSE: 22.7994, Valid MAPE: 0.1592, Train Time: 28.9103s/epoch, Valid Time: 3.7200s, LR: 1.0000e-03
2026-08-15 05:57:55,146 - Val loss decrease from 14.7399 to 14.5884
2026-08-15 05:58:27,672 - Epoch: 017, Train Loss: 14.7445, Train RMSE: 23.2651, Train MAPE: 0.1608, Valid Loss: 14.7648, Valid RMSE: 23.0882, Valid MAPE: 0.1708, Train Time: 28.7523s/epoch, Valid Time: 3.7717s, LR: 1.0000e-03
2026-08-15 05:59:00,090 - Epoch: 018, Train Loss: 14.6196, Train RMSE: 23.1135, Train MAPE: 0.1553, Valid Loss: 14.3427, Valid RMSE: 22.6782, Valid MAPE: 0.1559, Train Time: 28.7087s/epoch, Valid Time: 3.7066s, LR: 1.0000e-03
2026-08-15 05:59:00,158 - Val loss decrease from 14.5884 to 14.3427
2026-08-15 05:59:32,653 - Epoch: 019, Train Loss: 14.5678, Train RMSE: 23.0843, Train MAPE: 0.1543, Valid Loss: 14.3848, Valid RMSE: 22.6090, Valid MAPE: 0.1603, Train Time: 28.7374s/epoch, Valid Time: 3.7548s, LR: 1.0000e-03
2026-08-15 06:00:05,137 - Epoch: 020, Train Loss: 14.5614, Train RMSE: 23.0591, Train MAPE: 0.1549, Valid Loss: 14.4409, Valid RMSE: 22.7778, Valid MAPE: 0.1469, Train Time: 28.7377s/epoch, Valid Time: 3.7450s, LR: 1.0000e-03
2026-08-15 06:00:37,810 - Epoch: 021, Train Loss: 14.4438, Train RMSE: 22.8996, Train MAPE: 0.1534, Valid Loss: 14.2555, Valid RMSE: 22.4021, Valid MAPE: 0.1739, Train Time: 28.9352s/epoch, Valid Time: 3.7350s, LR: 1.0000e-03
2026-08-15 06:00:37,880 - Val loss decrease from 14.3427 to 14.2555
2026-08-15 06:01:10,419 - Epoch: 022, Train Loss: 14.4685, Train RMSE: 22.9354, Train MAPE: 0.1537, Valid Loss: 14.4394, Valid RMSE: 22.7625, Valid MAPE: 0.1383, Train Time: 28.7074s/epoch, Valid Time: 3.7156s, LR: 1.0000e-03
2026-08-15 06:01:42,921 - Epoch: 023, Train Loss: 14.5206, Train RMSE: 22.9518, Train MAPE: 0.1574, Valid Loss: 14.8488, Valid RMSE: 23.3609, Valid MAPE: 0.1542, Train Time: 28.7803s/epoch, Valid Time: 3.7189s, LR: 1.0000e-03
2026-08-15 06:02:15,480 - Epoch: 024, Train Loss: 14.4277, Train RMSE: 22.8789, Train MAPE: 0.1523, Valid Loss: 14.5641, Valid RMSE: 22.6922, Valid MAPE: 0.1658, Train Time: 28.8496s/epoch, Valid Time: 3.7071s, LR: 1.0000e-03
2026-08-15 06:02:48,049 - Epoch: 025, Train Loss: 14.5053, Train RMSE: 22.9722, Train MAPE: 0.1546, Valid Loss: 14.7988, Valid RMSE: 23.0889, Valid MAPE: 0.1595, Train Time: 28.8096s/epoch, Valid Time: 3.7576s, LR: 1.0000e-03
2026-08-15 06:03:20,758 - Epoch: 026, Train Loss: 14.3691, Train RMSE: 22.8085, Train MAPE: 0.1511, Valid Loss: 14.9099, Valid RMSE: 23.0829, Valid MAPE: 0.1767, Train Time: 28.9726s/epoch, Valid Time: 3.7341s, LR: 1.0000e-03
2026-08-15 06:03:53,336 - Epoch: 027, Train Loss: 14.3573, Train RMSE: 22.7890, Train MAPE: 0.1514, Valid Loss: 14.4580, Valid RMSE: 22.8890, Valid MAPE: 0.1416, Train Time: 28.8447s/epoch, Valid Time: 3.7301s, LR: 1.0000e-03
2026-08-15 06:04:25,937 - Epoch: 028, Train Loss: 14.3330, Train RMSE: 22.7460, Train MAPE: 0.1515, Valid Loss: 14.4471, Valid RMSE: 22.6539, Valid MAPE: 0.1745, Train Time: 28.7876s/epoch, Valid Time: 3.8108s, LR: 1.0000e-03
2026-08-15 06:04:58,527 - Epoch: 029, Train Loss: 14.3065, Train RMSE: 22.7338, Train MAPE: 0.1502, Valid Loss: 14.4289, Valid RMSE: 22.6603, Valid MAPE: 0.1491, Train Time: 28.8939s/epoch, Valid Time: 3.6946s, LR: 1.0000e-03
2026-08-15 06:05:31,137 - Epoch: 030, Train Loss: 14.2681, Train RMSE: 22.7109, Train MAPE: 0.1490, Valid Loss: 14.2973, Valid RMSE: 22.5598, Valid MAPE: 0.1467, Train Time: 28.7615s/epoch, Valid Time: 3.8464s, LR: 1.0000e-03
2026-08-15 06:06:03,820 - Epoch: 031, Train Loss: 13.7014, Train RMSE: 22.1051, Train MAPE: 0.1326, Valid Loss: 13.8783, Valid RMSE: 22.1133, Valid MAPE: 0.1356, Train Time: 28.9586s/epoch, Valid Time: 3.7217s, LR: 1.0000e-04
2026-08-15 06:06:03,887 - Val loss decrease from 14.2555 to 13.8783
2026-08-15 06:06:36,629 - Epoch: 032, Train Loss: 13.6114, Train RMSE: 21.9994, Train MAPE: 0.1310, Valid Loss: 13.8784, Valid RMSE: 22.1252, Valid MAPE: 0.1379, Train Time: 28.7136s/epoch, Valid Time: 3.9377s, LR: 1.0000e-04
2026-08-15 06:07:09,171 - Epoch: 033, Train Loss: 13.5823, Train RMSE: 21.9707, Train MAPE: 0.1307, Valid Loss: 13.8125, Valid RMSE: 22.0430, Valid MAPE: 0.1345, Train Time: 28.7882s/epoch, Valid Time: 3.7516s, LR: 1.0000e-04
2026-08-15 06:07:09,241 - Val loss decrease from 13.8783 to 13.8125
2026-08-15 06:07:41,825 - Epoch: 034, Train Loss: 13.5515, Train RMSE: 21.9265, Train MAPE: 0.1302, Valid Loss: 13.8092, Valid RMSE: 22.0179, Valid MAPE: 0.1323, Train Time: 28.7436s/epoch, Valid Time: 3.8385s, LR: 1.0000e-04
2026-08-15 06:07:41,894 - Val loss decrease from 13.8125 to 13.8092
2026-08-15 06:08:14,580 - Epoch: 035, Train Loss: 13.5351, Train RMSE: 21.9082, Train MAPE: 0.1299, Valid Loss: 13.7902, Valid RMSE: 22.0240, Valid MAPE: 0.1353, Train Time: 28.9345s/epoch, Valid Time: 3.7494s, LR: 1.0000e-04
2026-08-15 06:08:14,648 - Val loss decrease from 13.8092 to 13.7902
2026-08-15 06:08:47,223 - Epoch: 036, Train Loss: 13.5108, Train RMSE: 21.8832, Train MAPE: 0.1295, Valid Loss: 13.8620, Valid RMSE: 22.1369, Valid MAPE: 0.1364, Train Time: 28.6844s/epoch, Valid Time: 3.8880s, LR: 1.0000e-04
2026-08-15 06:09:19,642 - Epoch: 037, Train Loss: 13.4868, Train RMSE: 21.8533, Train MAPE: 0.1293, Valid Loss: 13.8009, Valid RMSE: 22.0500, Valid MAPE: 0.1339, Train Time: 28.7005s/epoch, Valid Time: 3.7170s, LR: 1.0000e-04
2026-08-15 06:09:52,189 - Epoch: 038, Train Loss: 13.4727, Train RMSE: 21.8389, Train MAPE: 0.1291, Valid Loss: 13.8374, Valid RMSE: 22.1035, Valid MAPE: 0.1378, Train Time: 28.7153s/epoch, Valid Time: 3.8296s, LR: 1.0000e-04
2026-08-15 06:10:24,652 - Epoch: 039, Train Loss: 13.4539, Train RMSE: 21.8119, Train MAPE: 0.1288, Valid Loss: 13.7829, Valid RMSE: 22.0038, Valid MAPE: 0.1365, Train Time: 28.7173s/epoch, Valid Time: 3.7430s, LR: 1.0000e-04
2026-08-15 06:10:24,744 - Val loss decrease from 13.7902 to 13.7829
2026-08-15 06:10:57,368 - Epoch: 040, Train Loss: 13.4407, Train RMSE: 21.7966, Train MAPE: 0.1286, Valid Loss: 13.8449, Valid RMSE: 22.0062, Valid MAPE: 0.1498, Train Time: 28.8708s/epoch, Valid Time: 3.7509s, LR: 1.0000e-04
2026-08-15 06:11:29,783 - Epoch: 041, Train Loss: 13.4283, Train RMSE: 21.7823, Train MAPE: 0.1285, Valid Loss: 13.7539, Valid RMSE: 21.9337, Valid MAPE: 0.1387, Train Time: 28.6569s/epoch, Valid Time: 3.7568s, LR: 1.0000e-04
2026-08-15 06:11:29,854 - Val loss decrease from 13.7829 to 13.7539
2026-08-15 06:12:02,487 - Epoch: 042, Train Loss: 13.4195, Train RMSE: 21.7686, Train MAPE: 0.1283, Valid Loss: 13.7740, Valid RMSE: 22.0219, Valid MAPE: 0.1333, Train Time: 28.7069s/epoch, Valid Time: 3.8418s, LR: 1.0000e-04
2026-08-15 06:12:34,919 - Epoch: 043, Train Loss: 13.4118, Train RMSE: 21.7582, Train MAPE: 0.1282, Valid Loss: 13.7564, Valid RMSE: 21.9605, Valid MAPE: 0.1344, Train Time: 28.7285s/epoch, Valid Time: 3.7007s, LR: 1.0000e-04
2026-08-15 06:13:07,380 - Epoch: 044, Train Loss: 13.3952, Train RMSE: 21.7412, Train MAPE: 0.1281, Valid Loss: 13.7817, Valid RMSE: 22.0328, Valid MAPE: 0.1364, Train Time: 28.7013s/epoch, Valid Time: 3.7578s, LR: 1.0000e-04
2026-08-15 06:13:40,027 - Epoch: 045, Train Loss: 13.3801, Train RMSE: 21.7204, Train MAPE: 0.1279, Valid Loss: 13.6658, Valid RMSE: 21.8694, Valid MAPE: 0.1361, Train Time: 28.9388s/epoch, Valid Time: 3.7056s, LR: 1.0000e-04
2026-08-15 06:13:40,095 - Val loss decrease from 13.7539 to 13.6658
2026-08-15 06:14:12,597 - Epoch: 046, Train Loss: 13.3714, Train RMSE: 21.7142, Train MAPE: 0.1276, Valid Loss: 13.7523, Valid RMSE: 21.9631, Valid MAPE: 0.1338, Train Time: 28.7096s/epoch, Valid Time: 3.7905s, LR: 1.0000e-04
2026-08-15 06:14:45,049 - Epoch: 047, Train Loss: 13.3624, Train RMSE: 21.7064, Train MAPE: 0.1274, Valid Loss: 13.8062, Valid RMSE: 22.1077, Valid MAPE: 0.1372, Train Time: 28.6932s/epoch, Valid Time: 3.7558s, LR: 1.0000e-04
2026-08-15 06:15:17,487 - Epoch: 048, Train Loss: 13.3531, Train RMSE: 21.6906, Train MAPE: 0.1275, Valid Loss: 13.7103, Valid RMSE: 21.9177, Valid MAPE: 0.1342, Train Time: 28.7257s/epoch, Valid Time: 3.7098s, LR: 1.0000e-04
2026-08-15 06:15:50,120 - Epoch: 049, Train Loss: 13.3477, Train RMSE: 21.6878, Train MAPE: 0.1273, Valid Loss: 13.7187, Valid RMSE: 21.9268, Valid MAPE: 0.1358, Train Time: 28.9238s/epoch, Valid Time: 3.7077s, LR: 1.0000e-04
2026-08-15 06:16:22,616 - Epoch: 050, Train Loss: 13.3373, Train RMSE: 21.6680, Train MAPE: 0.1272, Valid Loss: 13.7885, Valid RMSE: 22.0961, Valid MAPE: 0.1361, Train Time: 28.7654s/epoch, Valid Time: 3.7280s, LR: 1.0000e-04
2026-08-15 06:16:55,079 - Epoch: 051, Train Loss: 13.3305, Train RMSE: 21.6636, Train MAPE: 0.1271, Valid Loss: 13.7722, Valid RMSE: 22.0558, Valid MAPE: 0.1313, Train Time: 28.7600s/epoch, Valid Time: 3.7013s, LR: 1.0000e-04
2026-08-15 06:17:27,652 - Epoch: 052, Train Loss: 13.3225, Train RMSE: 21.6491, Train MAPE: 0.1270, Valid Loss: 13.7628, Valid RMSE: 22.0391, Valid MAPE: 0.1406, Train Time: 28.7318s/epoch, Valid Time: 3.7601s, LR: 1.0000e-04
2026-08-15 06:18:00,344 - Epoch: 053, Train Loss: 13.3163, Train RMSE: 21.6443, Train MAPE: 0.1272, Valid Loss: 13.8012, Valid RMSE: 22.0829, Valid MAPE: 0.1379, Train Time: 28.8209s/epoch, Valid Time: 3.8689s, LR: 1.0000e-04
2026-08-15 06:18:33,019 - Epoch: 054, Train Loss: 13.3063, Train RMSE: 21.6348, Train MAPE: 0.1271, Valid Loss: 13.7056, Valid RMSE: 21.9113, Valid MAPE: 0.1317, Train Time: 28.9396s/epoch, Valid Time: 3.7327s, LR: 1.0000e-04
2026-08-15 06:19:05,571 - Epoch: 055, Train Loss: 13.2966, Train RMSE: 21.6223, Train MAPE: 0.1269, Valid Loss: 13.7122, Valid RMSE: 21.9715, Valid MAPE: 0.1320, Train Time: 28.7038s/epoch, Valid Time: 3.8462s, LR: 1.0000e-04
2026-08-15 06:19:05,572 - Early stop at epoch 55, loss = 13.665813
2026-08-15 06:19:05,573 - best valid_loss:13.665813
2026-08-15 06:19:09,042 - Horizon 1, Test MAE: 12.2903, Test RMSE: 19.0717, Test MAPE: 0.1301
2026-08-15 06:19:09,057 - Horizon 2, Test MAE: 13.0380, Test RMSE: 20.9404, Test MAPE: 0.1407
2026-08-15 06:19:09,072 - Horizon 3, Test MAE: 13.6979, Test RMSE: 22.5262, Test MAPE: 0.1489
2026-08-15 06:19:09,087 - Horizon 4, Test MAE: 14.2484, Test RMSE: 23.7726, Test MAPE: 0.1545
2026-08-15 06:19:09,102 - Horizon 5, Test MAE: 14.7606, Test RMSE: 24.8183, Test MAPE: 0.1631
2026-08-15 06:19:09,117 - Horizon 6, Test MAE: 15.2039, Test RMSE: 25.6676, Test MAPE: 0.1674
2026-08-15 06:19:09,132 - Horizon 7, Test MAE: 15.5979, Test RMSE: 26.4355, Test MAPE: 0.1675
2026-08-15 06:19:09,147 - Horizon 8, Test MAE: 15.9797, Test RMSE: 27.1232, Test MAPE: 0.1734
2026-08-15 06:19:09,162 - Horizon 9, Test MAE: 16.3435, Test RMSE: 27.7852, Test MAPE: 0.1767
2026-08-15 06:19:09,177 - Horizon 10, Test MAE: 16.6820, Test RMSE: 28.3065, Test MAPE: 0.1830
2026-08-15 06:19:09,192 - Horizon 11, Test MAE: 16.9757, Test RMSE: 28.8301, Test MAPE: 0.1810
2026-08-15 06:19:09,208 - Horizon 12, Test MAE: 17.4052, Test RMSE: 29.5421, Test MAPE: 0.1892
2026-08-15 06:19:09,211 - Average Test MAE: 15.1852, Test RMSE: 25.4016, Test MAPE: 0.1646
2026-08-15 06:19:10,087 - trainable parameters: 2707324, all parameters: 2707324
2026-08-15 06:19:10,088 - total train time: 1797.5224907398224 s
2026-08-15 06:19:10,155 - model:stid, dataset:PEMS03, mode:train, Enhancement:False, seed:998244353
2026-08-15 06:19:10,155 - mlp:False, frozen:False, pre_train:, save:pre_trained_stid_pems03_model.pt
2026-08-15 06:19:10,156 -  finished!! thank you!!
